Archive member included because of file (symbol)

c:/yagarto/bin/../lib/gcc/arm-none-eabi/4.6.2/thumb/v6m\libgcc.a(_udivsi3.o)
                              build/obj/test.o (__aeabi_uidiv)
c:/yagarto/bin/../lib/gcc/arm-none-eabi/4.6.2/thumb/v6m\libgcc.a(_dvmd_tls.o)
                              c:/yagarto/bin/../lib/gcc/arm-none-eabi/4.6.2/thumb/v6m\libgcc.a(_udivsi3.o) (__aeabi_idiv0)

Discarded input sections

 .text          0x00000000        0x0 build/obj/crt0.o
 .data          0x00000000        0x0 build/obj/crt0.o
 .bss           0x00000000        0x0 build/obj/crt0.o
 .text.__early_init
                0x00000000       0x10 build/obj/crt0.o
 .text          0x00000000        0x0 build/obj/vectors.o
 .data          0x00000000        0x0 build/obj/vectors.o
 .bss           0x00000000        0x0 build/obj/vectors.o
 .text          0x00000000        0x0 build/obj/chcore.o
 .data          0x00000000        0x0 build/obj/chcore.o
 .bss           0x00000000        0x0 build/obj/chcore.o
 .text.port_halt
                0x00000000       0x10 build/obj/chcore.o
 .text          0x00000000        0x0 build/obj/chcore_v6m.o
 .data          0x00000000        0x0 build/obj/chcore_v6m.o
 .bss           0x00000000        0x0 build/obj/chcore_v6m.o
 .text          0x00000000        0x0 build/obj/nvic.o
 .data          0x00000000        0x0 build/obj/nvic.o
 .bss           0x00000000        0x0 build/obj/nvic.o
 .text.nvicDisableVector
                0x00000000       0x40 build/obj/nvic.o
 .text          0x00000000        0x0 build/obj/chsys.o
 .data          0x00000000        0x0 build/obj/chsys.o
 .bss           0x00000000        0x0 build/obj/chsys.o
 .text          0x00000000        0x0 build/obj/chdebug.o
 .data          0x00000000        0x0 build/obj/chdebug.o
 .bss           0x00000000        0x0 build/obj/chdebug.o
 .text          0x00000000        0x0 build/obj/chlists.o
 .data          0x00000000        0x0 build/obj/chlists.o
 .bss           0x00000000        0x0 build/obj/chlists.o
 .text          0x00000000        0x0 build/obj/chvt.o
 .data          0x00000000        0x0 build/obj/chvt.o
 .bss           0x00000000        0x0 build/obj/chvt.o
 .text          0x00000000        0x0 build/obj/chschd.o
 .data          0x00000000        0x0 build/obj/chschd.o
 .bss           0x00000000        0x0 build/obj/chschd.o
 .text          0x00000000        0x0 build/obj/chthreads.o
 .data          0x00000000        0x0 build/obj/chthreads.o
 .bss           0x00000000        0x0 build/obj/chthreads.o
 .text          0x00000000        0x0 build/obj/chdynamic.o
 .data          0x00000000        0x0 build/obj/chdynamic.o
 .bss           0x00000000        0x0 build/obj/chdynamic.o
 .text          0x00000000        0x0 build/obj/chregistry.o
 .data          0x00000000        0x0 build/obj/chregistry.o
 .bss           0x00000000        0x0 build/obj/chregistry.o
 .text          0x00000000        0x0 build/obj/chsem.o
 .data          0x00000000        0x0 build/obj/chsem.o
 .bss           0x00000000        0x0 build/obj/chsem.o
 .text          0x00000000        0x0 build/obj/chmtx.o
 .data          0x00000000        0x0 build/obj/chmtx.o
 .bss           0x00000000        0x0 build/obj/chmtx.o
 .text.chMtxTryLockS
                0x00000000       0x30 build/obj/chmtx.o
 .text          0x00000000        0x0 build/obj/chcond.o
 .data          0x00000000        0x0 build/obj/chcond.o
 .bss           0x00000000        0x0 build/obj/chcond.o
 .text          0x00000000        0x0 build/obj/chevents.o
 .data          0x00000000        0x0 build/obj/chevents.o
 .bss           0x00000000        0x0 build/obj/chevents.o
 .text.chEvtGetAndClearFlags
                0x00000000       0x10 build/obj/chevents.o
 .text.chEvtGetAndClearFlagsI
                0x00000000       0x10 build/obj/chevents.o
 .text          0x00000000        0x0 build/obj/chmsg.o
 .data          0x00000000        0x0 build/obj/chmsg.o
 .bss           0x00000000        0x0 build/obj/chmsg.o
 .text          0x00000000        0x0 build/obj/chmboxes.o
 .data          0x00000000        0x0 build/obj/chmboxes.o
 .bss           0x00000000        0x0 build/obj/chmboxes.o
 .text          0x00000000        0x0 build/obj/chqueues.o
 .data          0x00000000        0x0 build/obj/chqueues.o
 .bss           0x00000000        0x0 build/obj/chqueues.o
 .text          0x00000000        0x0 build/obj/chmemcore.o
 .data          0x00000000        0x0 build/obj/chmemcore.o
 .bss           0x00000000        0x0 build/obj/chmemcore.o
 .text.chCoreAllocI
                0x00000000       0x30 build/obj/chmemcore.o
 .text          0x00000000        0x0 build/obj/chheap.o
 .data          0x00000000        0x0 build/obj/chheap.o
 .bss           0x00000000        0x0 build/obj/chheap.o
 .text          0x00000000        0x0 build/obj/chmempools.o
 .data          0x00000000        0x0 build/obj/chmempools.o
 .bss           0x00000000        0x0 build/obj/chmempools.o
 .text.chPoolAllocI
[...]
Memory Configuration

Name             Origin             Length             Attributes
flash            0x08000000         0x00010000
ram              0x20000000         0x00002000
*default*        0x00000000         0xffffffff

Linker script and memory map

LOAD build/obj/crt0.o
LOAD build/obj/vectors.o
LOAD build/obj/chcore.o
LOAD build/obj/chcore_v6m.o
LOAD build/obj/nvic.o
LOAD build/obj/chsys.o
LOAD build/obj/chdebug.o
LOAD build/obj/chlists.o
LOAD build/obj/chvt.o
LOAD build/obj/chschd.o
LOAD build/obj/chthreads.o
LOAD build/obj/chdynamic.o
LOAD build/obj/chregistry.o
LOAD build/obj/chsem.o
LOAD build/obj/chmtx.o
LOAD build/obj/chcond.o
LOAD build/obj/chevents.o
LOAD build/obj/chmsg.o
LOAD build/obj/chmboxes.o
LOAD build/obj/chqueues.o
LOAD build/obj/chmemcore.o
LOAD build/obj/chheap.o
LOAD build/obj/chmempools.o
LOAD build/obj/test.o
LOAD build/obj/testthd.o
LOAD build/obj/testsem.o
LOAD build/obj/testmtx.o
LOAD build/obj/testmsg.o
LOAD build/obj/testmbox.o
LOAD build/obj/testevt.o
LOAD build/obj/testheap.o
LOAD build/obj/testpools.o
LOAD build/obj/testdyn.o
LOAD build/obj/testqueues.o
LOAD build/obj/testbmk.o
LOAD build/obj/hal.o
LOAD build/obj/adc.o
LOAD build/obj/can.o
LOAD build/obj/dac.o
LOAD build/obj/ext.o
LOAD build/obj/gpt.o
LOAD build/obj/i2c.o
LOAD build/obj/icu.o
LOAD build/obj/mac.o
LOAD build/obj/mmc_spi.o
LOAD build/obj/mmcsd.o
LOAD build/obj/pal.o
LOAD build/obj/pwm.o
LOAD build/obj/rtc.o
LOAD build/obj/sdc.o
LOAD build/obj/serial.o
LOAD build/obj/serial_usb.o
LOAD build/obj/spi.o
LOAD build/obj/tm.o
LOAD build/obj/uart.o
LOAD build/obj/usb.o
LOAD build/obj/stm32_dma.o
LOAD build/obj/hal_lld.o
LOAD build/obj/adc_lld.o
LOAD build/obj/ext_lld_isr.o
LOAD build/obj/ext_lld.o
LOAD build/obj/pal_lld.o
LOAD build/obj/i2c_lld.o
LOAD build/obj/rtc_lld.o
LOAD build/obj/spi_lld.o
LOAD build/obj/gpt_lld.o
LOAD build/obj/icu_lld.o
LOAD build/obj/pwm_lld.o
LOAD build/obj/serial_lld.o
LOAD build/obj/uart_lld.o
LOAD build/obj/board.o
LOAD build/obj/main.o
START GROUP
LOAD c:/yagarto/bin/../lib/gcc/arm-none-eabi/4.6.2/thumb/v6m\libgcc.a
LOAD c:/yagarto/bin/../lib/gcc/arm-none-eabi/4.6.2/../../../../arm-none-eabi/lib/thumb/v6m\libc.a
END GROUP
                0x00000400                __main_stack_size__ = 0x400
                0x00000400                __process_stack_size__ = 0x400
                0x20000000                __ram_start__ = ORIGIN (ram)
                0x00002000                __ram_size__ = 0x2000
                0x20002000                __ram_end__ = (__ram_start__ + __ram_size__)
                0x00000000                . = 0x0
                0x00000000                _text = .

startup         0x08000000       0xc0
 *(vectors)
 vectors        0x08000000       0xc0 build/obj/vectors.o
                0x08000000                _vectors

constructors    0x080000c0        0x0
                0x080000c0                PROVIDE (__init_array_start, .)
 *(SORT(.init_array.*))
 *(.init_array)
                0x080000c0                PROVIDE (__init_array_end, .)

destructors     0x080000c0        0x0
                0x080000c0                PROVIDE (__fini_array_start, .)
 *(.fini_array)
 *(SORT(.fini_array.*))
                0x080000c0                PROVIDE (__fini_array_end, .)

.text           0x080000c0     0x6548
 *(.text.startup.*)
 .text.startup.main
                0x080000c0       0x90 build/obj/main.o
                0x080000c0                main
 *(.text)
 .text          0x08000150       0x9c c:/yagarto/bin/../lib/gcc/arm-none-eabi/4.6.2/thumb/v6m\libgcc.a(_udivsi3.o)
                0x08000150                __aeabi_uidiv
                0x08000150                __udivsi3
                0x080001d8                __aeabi_uidivmod
 *fill*         0x080001ec        0x4 00
 .text          0x080001f0        0x4 c:/yagarto/bin/../lib/gcc/arm-none-eabi/4.6.2/thumb/v6m\libgcc.a(_dvmd_tls.o)
                0x080001f0                __aeabi_idiv0
                0x080001f0                __aeabi_ldiv0
 *(.text.*)
 *fill*         0x080001f4        0xc 00
 .text.__late_init
                0x08000200       0x10 build/obj/crt0.o
                0x08000200                __late_init
 .text._default_exit
                0x08000210       0x10 build/obj/crt0.o
                0x08000210                _default_exit
 .text.ResetHandler
                0x08000220       0xc0 build/obj/crt0.o
                0x08000220                ResetHandler
 .text._unhandled_exception
                0x080002e0       0x10 build/obj/vectors.o
                0x080002e0                Vector58
                0x080002e0                Vector9C
                0x080002e0                Vector5C
                0x080002e0                Vector8C
                0x080002e0                Vector94
                0x080002e0                VectorA8
                0x080002e0                VectorB4
                0x080002e0                Vector74
                0x080002e0                UsageFaultVector
                0x080002e0                DebugMonitorVector
                0x080002e0                Vector40
                0x080002e0                VectorBC
                0x080002e0                PendSVVector
                0x080002e0                Vector64
                0x080002e0                Vector54
                0x080002e0                Vector98
                0x080002e0                Vector24
                0x080002e0                Vector84
                0x080002e0                BusFaultVector
                0x080002e0                SVCallVector
                0x080002e0                HardFaultVector
                0x080002e0                MemManageVector
                0x080002e0                Vector6C
                0x080002e0                VectorA0
                0x080002e0                VectorB0
                0x080002e0                Vector90
                0x080002e0                Vector60
                0x080002e0                Vector1C
                0x080002e0                Vector48
                0x080002e0                Vector70
                0x080002e0                Vector4C
                0x080002e0                Vector80
                0x080002e0                Vector68
                0x080002e0                Vector78
                0x080002e0                _unhandled_exception
                0x080002e0                Vector88
                0x080002e0                Vector50
                0x080002e0                Vector44
                0x080002e0                Vector28
                0x080002e0                VectorB8
                0x080002e0                Vector34
                0x080002e0                VectorA4
                0x080002e0                Vector20
 .text._port_switch_from_isr
                0x080002f0       0x20 build/obj/chcore_v6m.o
                0x080002f0                _port_switch_from_isr
 .text.NMIVector
                0x08000310       0x10 build/obj/chcore_v6m.o
                0x08000310                NMIVector
 .text._port_irq_epilogue
                0x08000320       0x60 build/obj/chcore_v6m.o
                0x08000320                _port_irq_epilogue
 .text.SysTickVector
                0x08000380       0x20 build/obj/chcore_v6m.o
                0x08000380                SysTickVector
 .text._port_switch
                0x080003a0       0x20 build/obj/chcore_v6m.o
                0x080003a0                _port_switch
 .text._port_thread_start
                0x080003c0       0x10 build/obj/chcore_v6m.o
                0x080003c0                _port_thread_start
 .text.nvicEnableVector
                0x080003d0       0x40 build/obj/nvic.o
                0x080003d0                nvicEnableVector
 .text.nvicSetSystemHandlerPriority
                0x08000410       0x30 build/obj/nvic.o
                0x08000410                nvicSetSystemHandlerPriority
 .text._idle_thread
                0x08000440       0x20 build/obj/chsys.o
                0x08000440                _idle_thread
 .text.chSysInit
                0x08000460       0x80 build/obj/chsys.o
                0x08000460                chSysInit
 .text.chSysTimerHandlerI
                0x080004e0       0x60 build/obj/chsys.o
                0x080004e0                chSysTimerHandlerI
 .text._vt_init
                0x08000540       0x20 build/obj/chvt.o
                0x08000540                _vt_init
 .text.chVTSetI
                0x08000560       0x40 build/obj/chvt.o
                0x08000560                chVTSetI
 .text.chVTResetI
                0x080005a0       0x30 build/obj/chvt.o
                0x080005a0                chVTResetI
 .text.chTimeIsWithin
                0x080005d0       0x40 build/obj/chvt.o
                0x080005d0                chTimeIsWithin
 .text.wakeup   0x08000610       0x60 build/obj/chschd.o
 .text._scheduler_init
                0x08000670       0x20 build/obj/chschd.o
                0x08000670                _scheduler_init
 .text.chSchReadyI
                0x08000690       0x30 build/obj/chschd.o
                0x08000690                chSchReadyI
 .text.chSchGoSleepS
                0x080006c0       0x30 build/obj/chschd.o
                0x080006c0                chSchGoSleepS
 .text.chSchGoSleepTimeoutS
                0x080006f0       0x40 build/obj/chschd.o
                0x080006f0                chSchGoSleepTimeoutS
 .text.chSchWakeupS
                0x08000730       0x50 build/obj/chschd.o
                0x08000730                chSchWakeupS
 .text.chSchDoRescheduleBehind
                0x08000780       0x40 build/obj/chschd.o
                0x08000780                chSchDoRescheduleBehind
 .text.chSchDoRescheduleAhead
                0x080007c0       0x40 build/obj/chschd.o
                0x080007c0                chSchDoRescheduleAhead
 .text.chSchRescheduleS
                0x08000800       0x20 build/obj/chschd.o
                0x08000800                chSchRescheduleS
 .text.chSchDoReschedule
                0x08000820       0x20 build/obj/chschd.o
                0x08000820                chSchDoReschedule
 .text._thread_init
                0x08000840       0x40 build/obj/chthreads.o
                0x08000840                _thread_init
 .text.chThdCreateI
                0x08000880       0x50 build/obj/chthreads.o
                0x08000880                chThdCreateI
 .text.chThdCreateStatic
                0x080008d0       0x20 build/obj/chthreads.o
                0x080008d0                chThdCreateStatic
 .text.chThdSetPriority
                0x080008f0       0x30 build/obj/chthreads.o
                0x080008f0                chThdSetPriority
 .text.chThdResume
                0x08000920       0x20 build/obj/chthreads.o
                0x08000920                chThdResume
 .text.chThdTerminate
                0x08000940       0x10 build/obj/chthreads.o
                0x08000940                chThdTerminate
 .text.chThdSleep
                0x08000950       0x10 build/obj/chthreads.o
                0x08000950                chThdSleep
 .text.chThdSleepUntil
                0x08000960       0x20 build/obj/chthreads.o
                0x08000960                chThdSleepUntil
 .text.chThdYield
                0x08000980       0x20 build/obj/chthreads.o
                0x08000980                chThdYield
 .text.chThdExitS
                0x080009a0       0x40 build/obj/chthreads.o
                0x080009a0                chThdExitS
 .text.chThdExit
                0x080009e0       0x10 build/obj/chthreads.o
                0x080009e0                chThdExit
 .text.chThdWait
                0x080009f0       0x30 build/obj/chthreads.o
                0x080009f0                chThdWait
 .text.chThdAddRef
                0x08000a20       0x10 build/obj/chdynamic.o
                0x08000a20                chThdAddRef
 .text.chThdRelease
                0x08000a30       0x50 build/obj/chdynamic.o
                0x08000a30                chThdRelease
 .text.chThdCreateFromHeap
                0x08000a80       0x40 build/obj/chdynamic.o
                0x08000a80                chThdCreateFromHeap
 .text.chThdCreateFromMemoryPool
                0x08000ac0       0x50 build/obj/chdynamic.o
                0x08000ac0                chThdCreateFromMemoryPool
 .text.chRegFirstThread
                0x08000b10       0x20 build/obj/chregistry.o
                0x08000b10                chRegFirstThread
 .text.chRegNextThread
                0x08000b30       0x30 build/obj/chregistry.o
                0x08000b30                chRegNextThread
 .text.chSemInit
                0x08000b60       0x10 build/obj/chsem.o
                0x08000b60                chSemInit
 .text.chSemResetI
                0x08000b70       0x30 build/obj/chsem.o
                0x08000b70                chSemResetI
 .text.chSemReset
                0x08000ba0       0x10 build/obj/chsem.o
                0x08000ba0                chSemReset
 .text.chSemWaitS
                0x08000bb0       0x40 build/obj/chsem.o
                0x08000bb0                chSemWaitS
 .text.chSemWait
                0x08000bf0       0x10 build/obj/chsem.o
                0x08000bf0                chSemWait
 .text.chSemWaitTimeoutS
                0x08000c00       0x40 build/obj/chsem.o
                0x08000c00                chSemWaitTimeoutS
 .text.chSemWaitTimeout
                0x08000c40       0x10 build/obj/chsem.o
                0x08000c40                chSemWaitTimeout
 .text.chSemSignal
                0x08000c50       0x30 build/obj/chsem.o
                0x08000c50                chSemSignal
 .text.chSemSignalI
                0x08000c80       0x30 build/obj/chsem.o
                0x08000c80                chSemSignalI
 .text.chSemAddCounterI
                0x08000cb0       0x40 build/obj/chsem.o
                0x08000cb0                chSemAddCounterI
 .text.chSemSignalWait
                0x08000cf0       0x60 build/obj/chsem.o
                0x08000cf0                chSemSignalWait
 .text.chMtxInit
                0x08000d50       0x10 build/obj/chmtx.o
                0x08000d50                chMtxInit
 .text.chMtxLockS
                0x08000d60       0xd0 build/obj/chmtx.o
                0x08000d60                chMtxLockS
 .text.chMtxLock
                0x08000e30       0x10 build/obj/chmtx.o
                0x08000e30                chMtxLock
 .text.chMtxTryLock
                0x08000e40       0x30 build/obj/chmtx.o
                0x08000e40                chMtxTryLock
 .text.chMtxUnlock
                0x08000e70       0x60 build/obj/chmtx.o
                0x08000e70                chMtxUnlock
 .text.chMtxUnlockS
                0x08000ed0       0x50 build/obj/chmtx.o
                0x08000ed0                chMtxUnlockS
 .text.chMtxUnlockAll
                0x08000f20       0x50 build/obj/chmtx.o
                0x08000f20                chMtxUnlockAll
 .text.chCondInit
                0x08000f70       0x10 build/obj/chcond.o
                0x08000f70                chCondInit
 .text.chCondSignal
                0x08000f80       0x20 build/obj/chcond.o
                0x08000f80                chCondSignal
 .text.chCondSignalI
                0x08000fa0       0x20 build/obj/chcond.o
                0x08000fa0                chCondSignalI
 .text.chCondBroadcastI
                0x08000fc0       0x30 build/obj/chcond.o
                0x08000fc0                chCondBroadcastI
 .text.chCondBroadcast
                0x08000ff0       0x10 build/obj/chcond.o
                0x08000ff0                chCondBroadcast
 .text.chCondWaitS
                0x08001000       0x50 build/obj/chcond.o
                0x08001000                chCondWaitS
 .text.chCondWait
                0x08001050       0x10 build/obj/chcond.o
                0x08001050                chCondWait
 .text.chCondWaitTimeoutS
                0x08001060       0x50 build/obj/chcond.o
                0x08001060                chCondWaitTimeoutS
 .text.chCondWaitTimeout
                0x080010b0       0x10 build/obj/chcond.o
                0x080010b0                chCondWaitTimeout
 .text.chEvtRegisterMask
                0x080010c0       0x20 build/obj/chevents.o
                0x080010c0                chEvtRegisterMask
 .text.chEvtUnregister
                0x080010e0       0x20 build/obj/chevents.o
                0x080010e0                chEvtUnregister
 .text.chEvtGetAndClearEvents
                0x08001100       0x20 build/obj/chevents.o
                0x08001100                chEvtGetAndClearEvents
 .text.chEvtAddEvents
                0x08001120       0x20 build/obj/chevents.o
                0x08001120                chEvtAddEvents
 .text.chEvtSignalI
                0x08001140       0x40 build/obj/chevents.o
                0x08001140                chEvtSignalI
 .text.chEvtSignal
                0x08001180       0x10 build/obj/chevents.o
                0x08001180                chEvtSignal
 .text.chEvtBroadcastFlagsI
                0x08001190       0x30 build/obj/chevents.o
                0x08001190                chEvtBroadcastFlagsI
 .text.chEvtBroadcastFlags
                0x080011c0       0x10 build/obj/chevents.o
                0x080011c0                chEvtBroadcastFlags
 .text.chEvtDispatch
                0x080011d0       0x30 build/obj/chevents.o
                0x080011d0                chEvtDispatch
 .text.chEvtWaitOne
                0x08001200       0x30 build/obj/chevents.o
                0x08001200                chEvtWaitOne
 .text.chEvtWaitAny
                0x08001230       0x30 build/obj/chevents.o
                0x08001230                chEvtWaitAny
 .text.chEvtWaitAll
                0x08001260       0x30 build/obj/chevents.o
                0x08001260                chEvtWaitAll
 .text.chEvtWaitOneTimeout
                0x08001290       0x40 build/obj/chevents.o
                0x08001290                chEvtWaitOneTimeout
 .text.chEvtWaitAnyTimeout
                0x080012d0       0x40 build/obj/chevents.o
                0x080012d0                chEvtWaitAnyTimeout
 .text.chEvtWaitAllTimeout
                0x08001310       0x40 build/obj/chevents.o
                0x08001310                chEvtWaitAllTimeout
 .text.chMsgSend
                0x08001350       0x40 build/obj/chmsg.o
                0x08001350                chMsgSend
 .text.chMsgWait
                0x08001390       0x40 build/obj/chmsg.o
                0x08001390                chMsgWait
 .text.chMsgRelease
                0x080013d0       0x10 build/obj/chmsg.o
                0x080013d0                chMsgRelease
 .text.chMBInit
                0x080013e0       0x30 build/obj/chmboxes.o
                0x080013e0                chMBInit
 .text.chMBReset
                0x08001410       0x30 build/obj/chmboxes.o
                0x08001410                chMBReset
 .text.chMBPostS
                0x08001440       0x40 build/obj/chmboxes.o
                0x08001440                chMBPostS
 .text.chMBPost
                0x08001480       0x10 build/obj/chmboxes.o
                0x08001480                chMBPost
 .text.chMBPostI
                0x08001490       0x30 build/obj/chmboxes.o
                0x08001490                chMBPostI
 .text.chMBPostAheadS
                0x080014c0       0x40 build/obj/chmboxes.o
                0x080014c0                chMBPostAheadS
 .text.chMBPostAhead
                0x08001500       0x10 build/obj/chmboxes.o
                0x08001500                chMBPostAhead
 .text.chMBPostAheadI
                0x08001510       0x40 build/obj/chmboxes.o
                0x08001510                chMBPostAheadI
 .text.chMBFetchS
                0x08001550       0x40 build/obj/chmboxes.o
                0x08001550                chMBFetchS
 .text.chMBFetch
                0x08001590       0x10 build/obj/chmboxes.o
                0x08001590                chMBFetch
 .text.chMBFetchI
                0x080015a0       0x30 build/obj/chmboxes.o
                0x080015a0                chMBFetchI
 .text.qwait    0x080015d0       0x30 build/obj/chqueues.o
 .text.chIQInit
                0x08001600       0x20 build/obj/chqueues.o
                0x08001600                chIQInit
 .text.chIQResetI
                0x08001620       0x30 build/obj/chqueues.o
                0x08001620                chIQResetI
 .text.chIQPutI
                0x08001650       0x50 build/obj/chqueues.o
                0x08001650                chIQPutI
 .text.chIQGetTimeout
                0x080016a0       0x40 build/obj/chqueues.o
                0x080016a0                chIQGetTimeout
 .text.chIQReadTimeout
                0x080016e0       0x70 build/obj/chqueues.o
                0x080016e0                chIQReadTimeout
 .text.chOQInit
                0x08001750       0x20 build/obj/chqueues.o
                0x08001750                chOQInit
 .text.chOQResetI
                0x08001770       0x30 build/obj/chqueues.o
                0x08001770                chOQResetI
 .text.chOQPutTimeout
                0x080017a0       0x50 build/obj/chqueues.o
                0x080017a0                chOQPutTimeout
 .text.chOQGetI
                0x080017f0       0x50 build/obj/chqueues.o
                0x080017f0                chOQGetI
 .text.chOQWriteTimeout
                0x08001840       0x70 build/obj/chqueues.o
                0x08001840                chOQWriteTimeout
 .text._core_init
                0x080018b0       0x30 build/obj/chmemcore.o
                0x080018b0                _core_init
 .text.chCoreAlloc
                0x080018e0       0x30 build/obj/chmemcore.o
                0x080018e0                chCoreAlloc
 .text.chCoreStatus
                0x08001910       0x20 build/obj/chmemcore.o
                0x08001910                chCoreStatus
 .text._heap_init
                0x08001930       0x20 build/obj/chheap.o
                0x08001930                _heap_init
 .text.chHeapInit
                0x08001950       0x20 build/obj/chheap.o
                0x08001950                chHeapInit
 .text.chHeapAlloc
                0x08001970       0x80 build/obj/chheap.o
                0x08001970                chHeapAlloc
 .text.chHeapFree
                0x080019f0       0x80 build/obj/chheap.o
                0x080019f0                chHeapFree
 .text.chHeapStatus
                0x08001a70       0x40 build/obj/chheap.o
                0x08001a70                chHeapStatus
 .text.chPoolInit
                0x08001ab0       0x10 build/obj/chmempools.o
                0x08001ab0                chPoolInit
 .text.chPoolLoadArray
                0x08001ac0       0x20 build/obj/chmempools.o
                0x08001ac0                chPoolLoadArray
 .text.chPoolAlloc
                0x08001ae0       0x20 build/obj/chmempools.o
                0x08001ae0                chPoolAlloc
 .text.chPoolFree
                0x08001b00       0x10 build/obj/chmempools.o
                0x08001b00                chPoolFree
 .text.tmr      0x08001b10       0x10 build/obj/test.o
 .text.print_line
                0x08001b20       0x30 build/obj/test.o
 .text.test_printn
                0x08001b50       0x60 build/obj/test.o
                0x08001b50                test_printn
 .text.test_print
                0x08001bb0       0x30 build/obj/test.o
                0x08001bb0                test_print
 .text.test_println
                0x08001be0       0x20 build/obj/test.o
                0x08001be0                test_println
 .text.test_emit_token
                0x08001c00       0x20 build/obj/test.o
                0x08001c00                test_emit_token
 .text._test_assert
                0x08001c20       0x30 build/obj/test.o
                0x08001c20                _test_assert
 .text._test_assert_sequence
                0x08001c50       0x50 build/obj/test.o
                0x08001c50                _test_assert_sequence
 .text._test_assert_time_window
                0x08001ca0       0x40 build/obj/test.o
                0x08001ca0                _test_assert_time_window
 .text.test_terminate_threads
                0x08001ce0       0x20 build/obj/test.o
                0x08001ce0                test_terminate_threads
 .text.test_wait_threads
                0x08001d00       0x30 build/obj/test.o
                0x08001d00                test_wait_threads
 .text.test_cpu_pulse
                0x08001d30       0x60 build/obj/test.o
                0x08001d30                test_cpu_pulse
 .text.test_wait_tick
                0x08001d90       0x20 build/obj/test.o
                0x08001d90                test_wait_tick
 .text.test_start_timer
                0x08001db0       0x40 build/obj/test.o
                0x08001db0                test_start_timer
 .text.TestThread
                0x08001df0      0x250 build/obj/test.o
                0x08001df0                TestThread
 .text.thd3_execute
                0x08002040      0x120 build/obj/testthd.o
 .text.thd2_execute
                0x08002160       0xd0 build/obj/testthd.o
 .text.thd1_execute
                0x08002230       0xc0 build/obj/testthd.o
 .text.thread   0x080022f0       0x10 build/obj/testthd.o
 .text.thd4_execute
                0x08002300       0x90 build/obj/testthd.o
 .text.sem3_setup
                0x08002390       0x10 build/obj/testsem.o
 .text.sem2_setup
                0x080023a0       0x10 build/obj/testsem.o
 .text.sem1_setup
                0x080023b0       0x10 build/obj/testsem.o
 .text.sem4_execute
                0x080023c0       0xf0 build/obj/testsem.o
 .text.thread4  0x080024b0       0x20 build/obj/testsem.o
 .text.thread3  0x080024d0       0x20 build/obj/testsem.o
 .text.thread1  0x080024f0       0x20 build/obj/testsem.o
 .text.thread2  0x08002510       0x30 build/obj/testsem.o
 .text.sem1_execute
                0x08002540      0x130 build/obj/testsem.o
 .text.sem3_execute
                0x08002670       0x90 build/obj/testsem.o
 .text.sem2_execute
                0x08002700      0x140 build/obj/testsem.o
 .text.mtx8_execute
                0x08002840       0xa0 build/obj/testmtx.o
 .text.thread12
                0x080028e0       0x20 build/obj/testmtx.o
 .text.thread1  0x08002900       0x20 build/obj/testmtx.o
 .text.thread10
                0x08002920       0x30 build/obj/testmtx.o
 .text.thread11
                0x08002950       0x40 build/obj/testmtx.o
 .text.mtx8_setup
                0x08002990       0x30 build/obj/testmtx.o
 .text.mtx7_setup
                0x080029c0       0x20 build/obj/testmtx.o
 .text.mtx6_setup
                0x080029e0       0x20 build/obj/testmtx.o
 .text.mtx5_setup
                0x08002a00       0x10 build/obj/testmtx.o
 .text.mtx4_setup
                0x08002a10       0x20 build/obj/testmtx.o
 .text.mtx3_setup
                0x08002a30       0x20 build/obj/testmtx.o
 .text.mtx2_setup
                0x08002a50       0x10 build/obj/testmtx.o
 .text.mtx1_setup
                0x08002a60       0x10 build/obj/testmtx.o
 .text.mtx7_execute
                0x08002a70       0xc0 build/obj/testmtx.o
 .text.mtx6_execute
                0x08002b30       0xe0 build/obj/testmtx.o
 .text.mtx1_execute
                0x08002c10       0xe0 build/obj/testmtx.o
 .text.mtx5_execute
                0x08002cf0       0xb0 build/obj/testmtx.o
 .text.mtx4_execute
                0x08002da0      0x260 build/obj/testmtx.o
 .text.thread4b
                0x08003000       0x20 build/obj/testmtx.o
 .text.thread4a
                0x08003020       0x20 build/obj/testmtx.o
 .text.mtx3_execute
                0x08003040       0xf0 build/obj/testmtx.o
 .text.mtx2_execute
                0x08003130       0xb0 build/obj/testmtx.o
 .text.thread3HH
                0x080031e0       0x30 build/obj/testmtx.o
 .text.thread3H
                0x08003210       0x20 build/obj/testmtx.o
 .text.thread3M
                0x08003230       0x30 build/obj/testmtx.o
 .text.thread3L
                0x08003260       0x50 build/obj/testmtx.o
 .text.thread3LL
                0x080032b0       0x20 build/obj/testmtx.o
 .text.thread2L
                0x080032d0       0x30 build/obj/testmtx.o
 .text.thread2M
                0x08003300       0x20 build/obj/testmtx.o
 .text.thread2H
                0x08003320       0x30 build/obj/testmtx.o
 .text.msg1_execute
                0x08003350       0x80 build/obj/testmsg.o
 .text.thread   0x080033d0       0x20 build/obj/testmsg.o
 .text.mbox1_setup
                0x080033f0       0x20 build/obj/testmbox.o
 .text.mbox1_execute
                0x08003410      0x4c0 build/obj/testmbox.o
 .text.evt3_setup
                0x080038d0       0x10 build/obj/testevt.o
 .text.evt2_setup
                0x080038e0       0x10 build/obj/testevt.o
 .text.evt1_setup
                0x080038f0       0x10 build/obj/testevt.o
 .text.thread2  0x08003900       0x30 build/obj/testevt.o
 .text.thread1  0x08003930       0x20 build/obj/testevt.o
 .text.evt1_execute
                0x08003950       0x90 build/obj/testevt.o
 .text.h3       0x080039e0       0x10 build/obj/testevt.o
 .text.h2       0x080039f0       0x10 build/obj/testevt.o
 .text.h1       0x08003a00       0x10 build/obj/testevt.o
 .text.evt3_execute
                0x08003a10       0xa0 build/obj/testevt.o
 .text.evt2_execute
                0x08003ab0      0x250 build/obj/testevt.o
 .text.heap1_execute
                0x08003d00      0x230 build/obj/testheap.o
 .text.heap1_setup
                0x08003f30       0x20 build/obj/testheap.o
 .text.null_provider
                0x08003f50       0x10 build/obj/testpools.o
 .text.pools1_setup
                0x08003f60       0x20 build/obj/testpools.o
 .text.pools1_execute
                0x08003f80       0xd0 build/obj/testpools.o
 .text.regfind  0x08004050       0x20 build/obj/testdyn.o
 .text.dyn3_execute
                0x08004070      0x130 build/obj/testdyn.o
 .text.thread   0x080041a0       0x10 build/obj/testdyn.o
 .text.dyn3_setup
                0x080041b0       0x20 build/obj/testdyn.o
 .text.dyn1_setup
                0x080041d0       0x20 build/obj/testdyn.o
 .text.dyn2_execute
                0x080041f0      0x100 build/obj/testdyn.o
 .text.dyn2_setup
                0x080042f0       0x20 build/obj/testdyn.o
 .text.dyn1_execute
                0x08004310      0x100 build/obj/testdyn.o
 .text.notify   0x08004410       0x10 build/obj/testqueues.o
 .text.thread2  0x08004420       0x20 build/obj/testqueues.o
 .text.queues2_setup
                0x08004440       0x30 build/obj/testqueues.o
 .text.thread1  0x08004470       0x20 build/obj/testqueues.o
 .text.queues1_setup
                0x08004490       0x30 build/obj/testqueues.o
 .text.queues2_execute
                0x080044c0      0x1d0 build/obj/testqueues.o
 .text.queues1_execute
                0x08004690      0x1f0 build/obj/testqueues.o
 .text.thread2  0x08004880       0x10 build/obj/testbmk.o
 .text.tmo      0x08004890       0x10 build/obj/testbmk.o
 .text.bmk13_execute
                0x080048a0       0xf0 build/obj/testbmk.o
 .text.bmk12_execute
                0x08004990       0x70 build/obj/testbmk.o
 .text.bmk12_setup
                0x08004a00       0x10 build/obj/testbmk.o
 .text.thread3  0x08004a10       0x30 build/obj/testbmk.o
 .text.bmk11_execute
                0x08004a40       0x70 build/obj/testbmk.o
 .text.bmk11_setup
                0x08004ab0       0x10 build/obj/testbmk.o
 .text.bmk7_setup
                0x08004ac0       0x10 build/obj/testbmk.o
 .text.bmk10_execute
                0x08004ad0       0x90 build/obj/testbmk.o
 .text.bmk9_execute
                0x08004b60       0xb0 build/obj/testbmk.o
 .text.bmk6_execute
                0x08004c10       0x80 build/obj/testbmk.o
 .text.bmk8_execute
                0x08004c90       0xd0 build/obj/testbmk.o
 .text.thread8  0x08004d60       0x30 build/obj/testbmk.o
 .text.bmk7_execute
                0x08004d90      0x100 build/obj/testbmk.o
 .text.bmk5_execute
                0x08004e90       0x80 build/obj/testbmk.o
 .text.bmk4_execute
                0x08004f10       0xb0 build/obj/testbmk.o
 .text.msg_loop_test
                0x08004fc0       0x40 build/obj/testbmk.o
 .text.bmk3_execute
                0x08005000       0xe0 build/obj/testbmk.o
 .text.bmk2_execute
                0x080050e0       0x70 build/obj/testbmk.o
 .text.bmk1_execute
                0x08005150       0x70 build/obj/testbmk.o
 .text.thread1  0x080051c0       0x20 build/obj/testbmk.o
 .text.thread4  0x080051e0       0x20 build/obj/testbmk.o
                0x080051e0                thread4
 .text.halInit  0x08005200       0x20 build/obj/hal.o
                0x08005200                halInit
 .text.pwmInit  0x08005220       0x10 build/obj/pwm.o
                0x08005220                pwmInit
 .text.pwmObjectInit
                0x08005230       0x10 build/obj/pwm.o
                0x08005230                pwmObjectInit
 .text.readt    0x08005240       0x10 build/obj/serial.o
 .text.read     0x08005250       0x10 build/obj/serial.o
 .text.writet   0x08005260       0x10 build/obj/serial.o
 .text.write    0x08005270       0x10 build/obj/serial.o
 .text.gett     0x08005280       0x10 build/obj/serial.o
 .text.get      0x08005290       0x10 build/obj/serial.o
 .text.putt     0x080052a0       0x10 build/obj/serial.o
 .text.put      0x080052b0       0x10 build/obj/serial.o
 .text.sdInit   0x080052c0       0x10 build/obj/serial.o
                0x080052c0                sdInit
 .text.sdObjectInit
                0x080052d0       0x40 build/obj/serial.o
                0x080052d0                sdObjectInit
 .text.sdStart  0x08005310       0x20 build/obj/serial.o
                0x08005310                sdStart
 .text.sdIncomingDataI
                0x08005330       0x40 build/obj/serial.o
                0x08005330                sdIncomingDataI
 .text.hal_lld_init
                0x08005370       0x90 build/obj/hal_lld.o
                0x08005370                hal_lld_init
 .text.stm32_clock_init
                0x08005400       0x90 build/obj/hal_lld.o
                0x08005400                stm32_clock_init
 .text._pal_lld_init
                0x08005490       0xc0 build/obj/pal_lld.o
                0x08005490                _pal_lld_init
 .text._pal_lld_setgroupmode
                0x08005550       0xd0 build/obj/pal_lld.o
                0x08005550                _pal_lld_setgroupmode
 .text.Vector7C
                0x08005620       0x70 build/obj/pwm_lld.o
                0x08005620                Vector7C
 .text.pwm_lld_init
                0x08005690       0x20 build/obj/pwm_lld.o
                0x08005690                pwm_lld_init
 .text.notify1  0x080056b0       0x10 build/obj/serial_lld.o
 .text.VectorAC
                0x080056c0       0xe0 build/obj/serial_lld.o
                0x080056c0                VectorAC
 .text.sd_lld_init
                0x080057a0       0x30 build/obj/serial_lld.o
                0x080057a0                sd_lld_init
 .text.sd_lld_start
                0x080057d0       0x70 build/obj/serial_lld.o
                0x080057d0                sd_lld_start
 .text.__early_init
                0x08005840       0x10 build/obj/board.o
                0x08005840                __early_init
 .text.boardInit
                0x08005850       0x10 build/obj/board.o
                0x08005850                boardInit
 .text.Thread2  0x08005860       0x40 build/obj/main.o
 .text.Thread1  0x080058a0       0x40 build/obj/main.o
 *(.rodata)
 *(.rodata.*)
 .rodata.str1.4
                0x080058e0        0x5 build/obj/chsys.o
                                  0x8 (size before relaxing)
 *fill*         0x080058e5        0xb 00
 .rodata.ch_debug
                0x080058f0       0x18 build/obj/chregistry.o
                0x080058f0                ch_debug
 *fill*         0x08005908        0x8 00
 .rodata.wa     0x08005910       0x14 build/obj/test.o
                0x08005910                wa
 *fill*         0x08005924        0xc 00
 .rodata.str1.4
                0x08005930      0x1bc build/obj/test.o
                                0x1c8 (size before relaxing)
 *fill*         0x08005aec        0x4 00
 .rodata.patterns
                0x08005af0       0x30 build/obj/test.o
 .rodata.testthd1
                0x08005b20       0x10 build/obj/testthd.o
                0x08005b20                testthd1
 .rodata.testthd2
                0x08005b30       0x10 build/obj/testthd.o
                0x08005b30                testthd2
 .rodata.testthd3
                0x08005b40       0x10 build/obj/testthd.o
                0x08005b40                testthd3
 .rodata.testthd4
                0x08005b50       0x10 build/obj/testthd.o
                0x08005b50                testthd4
 .rodata.patternthd
                0x08005b60       0x14 build/obj/testthd.o
                0x08005b60                patternthd
 *fill*         0x08005b74        0xc 00
 .rodata.str1.4
                0x08005b80       0x7b build/obj/testthd.o
                                 0x80 (size before relaxing)
 *fill*         0x08005bfb        0x5 00
 .rodata.testsem1
                0x08005c00       0x10 build/obj/testsem.o
                0x08005c00                testsem1
 .rodata.testsem2
                0x08005c10       0x10 build/obj/testsem.o
                0x08005c10                testsem2
 .rodata.testsem3
                0x08005c20       0x10 build/obj/testsem.o
                0x08005c20                testsem3
 .rodata.testsem4
                0x08005c30       0x10 build/obj/testsem.o
                0x08005c30                testsem4
 .rodata.patternsem
                0x08005c40       0x14 build/obj/testsem.o
                0x08005c40                patternsem
 *fill*         0x08005c54        0xc 00
 .rodata.str1.4
                0x08005c60       0x6e build/obj/testsem.o
                                 0x8c (size before relaxing)
 *fill*         0x08005cce        0x2 00
 .rodata.testmtx5
                0x08005cd0       0x10 build/obj/testmtx.o
                0x08005cd0                testmtx5
 .rodata.testmtx6
                0x08005ce0       0x10 build/obj/testmtx.o
                0x08005ce0                testmtx6
 .rodata.testmtx7
                0x08005cf0       0x10 build/obj/testmtx.o
                0x08005cf0                testmtx7
 .rodata.testmtx8
                0x08005d00       0x10 build/obj/testmtx.o
                0x08005d00                testmtx8
 .rodata.str1.4
                0x08005d10       0xed build/obj/testmtx.o
                                0x10c (size before relaxing)
 *fill*         0x08005dfd        0x3 00
 .rodata.patternmtx
                0x08005e00       0x24 build/obj/testmtx.o
                0x08005e00                patternmtx
 *fill*         0x08005e24        0xc 00
 .rodata.testmtx1
                0x08005e30       0x10 build/obj/testmtx.o
                0x08005e30                testmtx1
 .rodata.testmtx2
                0x08005e40       0x10 build/obj/testmtx.o
                0x08005e40                testmtx2
 .rodata.testmtx3
                0x08005e50       0x10 build/obj/testmtx.o
                0x08005e50                testmtx3
 .rodata.testmtx4
                0x08005e60       0x10 build/obj/testmtx.o
                0x08005e60                testmtx4
 .rodata.testmsg1
                0x08005e70       0x10 build/obj/testmsg.o
                0x08005e70                testmsg1
 .rodata.str1.4
                0x08005e80        0xf build/obj/testmsg.o
                                 0x14 (size before relaxing)
 *fill*         0x08005e8f        0x1 00
 .rodata.patternmsg
                0x08005e90        0x8 build/obj/testmsg.o
                0x08005e90                patternmsg
 *fill*         0x08005e98        0x8 00
 .rodata.patternmbox
                0x08005ea0        0x8 build/obj/testmbox.o
                0x08005ea0                patternmbox
 *fill*         0x08005ea8        0x8 00
 .rodata.str1.4
                0x08005eb0       0x20 build/obj/testmbox.o
                                 0x28 (size before relaxing)
 .rodata.testmbox1
                0x08005ed0       0x10 build/obj/testmbox.o
                0x08005ed0                testmbox1
 .rodata.patternevt
                0x08005ee0       0x10 build/obj/testevt.o
                0x08005ee0                patternevt
 .rodata.testevt2
                0x08005ef0       0x10 build/obj/testevt.o
                0x08005ef0                testevt2
 .rodata.str1.4
                0x08005f00       0x52 build/obj/testevt.o
                                 0x5c (size before relaxing)
 *fill*         0x08005f52        0xe 00
 .rodata.testevt1
                0x08005f60       0x10 build/obj/testevt.o
                0x08005f60                testevt1
 .rodata.evhndl
                0x08005f70        0xc build/obj/testevt.o
 *fill*         0x08005f7c        0x4 00
 .rodata.testevt3
                0x08005f80       0x10 build/obj/testevt.o
                0x08005f80                testevt3
 .rodata.patternheap
                0x08005f90        0x8 build/obj/testheap.o
                0x08005f90                patternheap
 *fill*         0x08005f98        0x8 00
 .rodata.str1.4
                0x08005fa0       0x28 build/obj/testheap.o
 *fill*         0x08005fc8        0x8 00
 .rodata.testheap1
                0x08005fd0       0x10 build/obj/testheap.o
                0x08005fd0                testheap1
 .rodata.str1.4
                0x08005fe0       0x1c build/obj/testpools.o
 *fill*         0x08005ffc        0x4 00
 .rodata.patternpools
                0x08006000        0x8 build/obj/testpools.o
                0x08006000                patternpools
 *fill*         0x08006008        0x8 00
 .rodata.testpools1
                0x08006010       0x10 build/obj/testpools.o
                0x08006010                testpools1
 .rodata.testdyn1
                0x08006020       0x10 build/obj/testdyn.o
                0x08006020                testdyn1
 .rodata.testdyn2
                0x08006030       0x10 build/obj/testdyn.o
                0x08006030                testdyn2
 .rodata.testdyn3
                0x08006040       0x10 build/obj/testdyn.o
                0x08006040                testdyn3
 .rodata.str1.4
                0x08006050       0x8d build/obj/testdyn.o
                                 0xa4 (size before relaxing)
 *fill*         0x080060dd        0x3 00
 .rodata.patterndyn
                0x080060e0       0x10 build/obj/testdyn.o
                0x080060e0                patterndyn
 .rodata.testqueues1
                0x080060f0       0x10 build/obj/testqueues.o
                0x080060f0                testqueues1
 .rodata.testqueues2
                0x08006100       0x10 build/obj/testqueues.o
                0x08006100                testqueues2
 .rodata.str1.4
                0x08006110       0x2d build/obj/testqueues.o
                                 0x38 (size before relaxing)
 *fill*         0x0800613d        0x3 00
 .rodata.patternqueues
                0x08006140        0xc build/obj/testqueues.o
                0x08006140                patternqueues
 *fill*         0x0800614c        0x4 00
 .rodata.testbmk8
                0x08006150       0x10 build/obj/testbmk.o
                0x08006150                testbmk8
 .rodata.patternbmk
                0x08006160       0x38 build/obj/testbmk.o
                0x08006160                patternbmk
 *fill*         0x08006198        0x8 00
 .rodata.testbmk2
                0x080061a0       0x10 build/obj/testbmk.o
                0x080061a0                testbmk2
 .rodata.testbmk10
                0x080061b0       0x10 build/obj/testbmk.o
                0x080061b0                testbmk10
 .rodata.testbmk4
                0x080061c0       0x10 build/obj/testbmk.o
                0x080061c0                testbmk4
 .rodata.testbmk3
                0x080061d0       0x10 build/obj/testbmk.o
                0x080061d0                testbmk3
 .rodata.str1.4
                0x080061e0      0x2c7 build/obj/testbmk.o
                                0x2c8 (size before relaxing)
 *fill*         0x080064a7        0x9 00
 .rodata.testbmk9
                0x080064b0       0x10 build/obj/testbmk.o
                0x080064b0                testbmk9
 .rodata.testbmk1
                0x080064c0       0x10 build/obj/testbmk.o
                0x080064c0                testbmk1
 .rodata.testbmk11
                0x080064d0       0x10 build/obj/testbmk.o
                0x080064d0                testbmk11
 .rodata.testbmk12
                0x080064e0       0x10 build/obj/testbmk.o
                0x080064e0                testbmk12
 .rodata.testbmk13
                0x080064f0       0x10 build/obj/testbmk.o
                0x080064f0                testbmk13
 .rodata.testbmk5
                0x08006500       0x10 build/obj/testbmk.o
                0x08006500                testbmk5
 .rodata.testbmk6
                0x08006510       0x10 build/obj/testbmk.o
                0x08006510                testbmk6
 .rodata.testbmk7
                0x08006520       0x10 build/obj/testbmk.o
                0x08006520                testbmk7
 .rodata.vmt    0x08006530       0x20 build/obj/serial.o
 .rodata.default_config
                0x08006550       0x10 build/obj/serial_lld.o
 .rodata.pal_default_config
                0x08006560       0x8c build/obj/board.o
                0x08006560                pal_default_config
 *fill*         0x080065ec        0x4 00
 .rodata.str1.4
                0x080065f0       0x18 build/obj/main.o
 *(.glue_7t)
 .glue_7t       0x00000000        0x0 linker stubs
 *(.glue_7)
 .glue_7        0x00000000        0x0 linker stubs
 *(.gcc*)

.vfp11_veneer   0x08006608        0x0
 .vfp11_veneer  0x00000000        0x0 linker stubs

.v4_bx          0x08006608        0x0
 .v4_bx         0x00000000        0x0 linker stubs

.ARM.extab
 *(.ARM.extab* .gnu.linkonce.armextab.*)

.ARM.exidx      0x08006608        0x0
                0x08006608                PROVIDE (__exidx_start, .)
 *(.ARM.exidx* .gnu.linkonce.armexidx.*)
                0x08006608                PROVIDE (__exidx_end, .)

.eh_frame_hdr
 *(.eh_frame_hdr)

.eh_frame
 *(.eh_frame)

.textalign      0x08006608        0x0
                0x08006608                . = ALIGN (0x8)
                0x08006608                . = ALIGN (0x4)
                0x08006608                _etext = .
                0x08006608                _textdata = _etext

.stacks         0x20000000      0x800
                0x20000000                . = ALIGN (0x8)
                0x20000000                __main_stack_base__ = .
                0x20000400                . = (. + __main_stack_size__)
 *fill*         0x20000000      0x400 00
                0x20000400                . = ALIGN (0x8)
                0x20000400                __main_stack_end__ = .
                0x20000400                __process_stack_base__ = .
                0x20000400                __main_thread_stack_base__ = .
                0x20000800                . = (. + __process_stack_size__)
 *fill*         0x20000400      0x400 00
                0x20000800                . = ALIGN (0x8)
                0x20000800                __process_stack_end__ = .
                0x20000800                __main_thread_stack_end__ = .

.data           0x20000800       0xb8 load address 0x08006608
                0x20000800                . = ALIGN (0x4)
                0x20000800                PROVIDE (_data, .)
 *(.data)
                0x20000800                . = ALIGN (0x4)
 *(.data.*)
 .data.sem1     0x20000800        0xc build/obj/testsem.o
 .data.m1       0x2000080c       0x10 build/obj/testmtx.o
 .data.m2       0x2000081c       0x10 build/obj/testmtx.o
 .data.c1       0x2000082c        0x8 build/obj/testmtx.o
 .data.mb1      0x20000834       0x28 build/obj/testmbox.o
 .data.es1      0x2000085c        0x4 build/obj/testevt.o
 .data.es2      0x20000860        0x4 build/obj/testevt.o
 .data.mp1      0x20000864        0xc build/obj/testpools.o
 .data.oq       0x20000870       0x24 build/obj/testqueues.o
 .data.iq       0x20000894       0x24 build/obj/testqueues.o
                0x200008b8                . = ALIGN (0x4)
 *(.ramtext)
                0x200008b8                . = ALIGN (0x4)
                0x200008b8                PROVIDE (_edata, .)

.bss            0x200008b8      0xb58 load address 0x080066c0
                0x200008b8                . = ALIGN (0x4)
                0x200008b8                PROVIDE (_bss_start, .)
 *(.bss)
                0x200008b8                . = ALIGN (0x4)
 *(.bss.*)
 .bss.mainthread.1982
                0x200008b8       0x48 build/obj/chsys.o
 .bss._idle_thread_wa
                0x20000900       0xc0 build/obj/chsys.o
                0x20000900                _idle_thread_wa
 .bss.vtlist    0x200009c0       0x10 build/obj/chvt.o
                0x200009c0                vtlist
 .bss.rlist     0x200009d0       0x1c build/obj/chschd.o
                0x200009d0                rlist
 .bss.endmem    0x200009ec        0x4 build/obj/chmemcore.o
 .bss.nextmem   0x200009f0        0x4 build/obj/chmemcore.o
 *fill*         0x200009f4        0x4 00
 .bss.default_heap
                0x200009f8       0x20 build/obj/chheap.o
 .bss.test      0x20000a18      0x5f0 build/obj/test.o
                0x20000a18                test
 .bss.failpoint
                0x20001008        0x4 build/obj/test.o
 .bss.local_fail
                0x2000100c        0x1 build/obj/test.o
 .bss.test_timer_done
                0x2000100d        0x1 build/obj/test.o
                0x2000100d                test_timer_done
 *fill*         0x2000100e        0x2 00
 .bss.tokp      0x20001010        0x4 build/obj/test.o
 .bss.global_fail
                0x20001014        0x1 build/obj/test.o
 *fill*         0x20001015        0x3 00
 .bss.vt        0x20001018       0x14 build/obj/test.o
 .bss.threads   0x2000102c       0x14 build/obj/test.o
                0x2000102c                threads
 .bss.chp       0x20001040        0x4 build/obj/test.o
 .bss.tokens_buffer
                0x20001044       0x10 build/obj/test.o
 *fill*         0x20001054        0x4 00
 .bss.test_heap
                0x20001058       0x20 build/obj/testheap.o
 .bss.mp1       0x20001078        0xc build/obj/testdyn.o
 *fill*         0x20001084        0x4 00
 .bss.heap1     0x20001088       0x20 build/obj/testdyn.o
 .bss.vt2.2135  0x200010a8       0x14 build/obj/testbmk.o
 .bss.mtx1      0x200010bc       0x10 build/obj/testbmk.o
 .bss.vt1.2134  0x200010cc       0x14 build/obj/testbmk.o
 .bss.ib.2123   0x200010e0       0x10 build/obj/testbmk.o
 .bss.sem1      0x200010f0        0xc build/obj/testbmk.o
 .bss.iq.2124   0x200010fc       0x24 build/obj/testbmk.o
 .bss.PWMD2     0x20001120       0x14 build/obj/pwm_lld.o
                0x20001120                PWMD2
 .bss.SD1       0x20001134       0x7c build/obj/serial_lld.o
                0x20001134                SD1
 .bss.waThread1
                0x200011b0      0x130 build/obj/main.o
 .bss.waThread2
                0x200012e0      0x130 build/obj/main.o
                0x20001410                . = ALIGN (0x4)
 *(COMMON)
                0x20001410                . = ALIGN (0x4)
                0x20001410                PROVIDE (_bss_end, .)
                0x20001410                PROVIDE (end, .)
                0x20001410                _end = .
                0x20001410                __heap_base__ = _end
                0x20002000                __heap_end__ = __ram_end__
OUTPUT(build/ch.elf elf32-littlearm)

.debug_info     0x00000000    0x1345d
 .debug_info    0x00000000      0x349 build/obj/crt0.o
 .debug_info    0x00000349      0x1f4 build/obj/vectors.o
 .debug_info    0x0000053d       0x93 build/obj/chcore.o
 .debug_info    0x000005d0      0x751 build/obj/chcore_v6m.o
 .debug_info    0x00000d21      0x440 build/obj/nvic.o
 .debug_info    0x00001161      0x911 build/obj/chsys.o
 .debug_info    0x00001a72       0x7a build/obj/chdebug.o
 .debug_info    0x00001aec       0x7a build/obj/chlists.o
 .debug_info    0x00001b66      0x277 build/obj/chvt.o
 .debug_info    0x00001ddd      0x89a build/obj/chschd.o
 .debug_info    0x00002677      0x8e3 build/obj/chthreads.o
 .debug_info    0x00002f5a      0x696 build/obj/chdynamic.o
 .debug_info    0x000035f0      0x5f9 build/obj/chregistry.o
 .debug_info    0x00003be9      0x8db build/obj/chsem.o
 .debug_info    0x000044c4      0x894 build/obj/chmtx.o
 .debug_info    0x00004d58      0x7aa build/obj/chcond.o
 .debug_info    0x00005502      0x9b9 build/obj/chevents.o
 .debug_info    0x00005ebb      0x589 build/obj/chmsg.o
 .debug_info    0x00006444      0x7b5 build/obj/chmboxes.o
 .debug_info    0x00006bf9      0x9d6 build/obj/chqueues.o
 .debug_info    0x000075cf      0x1dd build/obj/chmemcore.o
 .debug_info    0x000077ac      0x655 build/obj/chheap.o
 .debug_info    0x00007e01      0x36c build/obj/chmempools.o
 .debug_info    0x0000816d      0xeec build/obj/test.o
 .debug_info    0x00009059      0x760 build/obj/testthd.o
 .debug_info    0x000097b9      0x8ca build/obj/testsem.o
 .debug_info    0x0000a083      0xbe2 build/obj/testmtx.o
 .debug_info    0x0000ac65      0x59b build/obj/testmsg.o
 .debug_info    0x0000b200      0x67e build/obj/testmbox.o
 .debug_info    0x0000b87e      0x98c build/obj/testevt.o
 .debug_info    0x0000c20a      0x685 build/obj/testheap.o
 .debug_info    0x0000c88f      0x282 build/obj/testpools.o
 .debug_info    0x0000cb11      0x90b build/obj/testdyn.o
 .debug_info    0x0000d41c      0x8ac build/obj/testqueues.o
 .debug_info    0x0000dcc8      0xcc3 build/obj/testbmk.o
 .debug_info    0x0000e98b      0x18f build/obj/hal.o
 .debug_info    0x0000eb1a       0x7a build/obj/adc.o
 .debug_info    0x0000eb94       0x7a build/obj/can.o
 .debug_info    0x0000ec0e       0x7a build/obj/dac.o
 .debug_info    0x0000ec88       0x7a build/obj/ext.o
 .debug_info    0x0000ed02       0x7a build/obj/gpt.o
 .debug_info    0x0000ed7c       0x7a build/obj/i2c.o
 .debug_info    0x0000edf6       0x7a build/obj/icu.o
 .debug_info    0x0000ee70       0x7a build/obj/mac.o
 .debug_info    0x0000eeea       0x7a build/obj/mmc_spi.o
 .debug_info    0x0000ef64       0x7a build/obj/mmcsd.o
 .debug_info    0x0000efde      0x28c build/obj/pal.o
 .debug_info    0x0000f26a      0x4ea build/obj/pwm.o
 .debug_info    0x0000f754       0x7a build/obj/rtc.o
 .debug_info    0x0000f7ce       0x7a build/obj/sdc.o
 .debug_info    0x0000f848      0xc4f build/obj/serial.o
 .debug_info    0x00010497       0x7a build/obj/serial_usb.o
 .debug_info    0x00010511       0x7a build/obj/spi.o
 .debug_info    0x0001058b       0x7a build/obj/tm.o
 .debug_info    0x00010605       0x7a build/obj/uart.o
 .debug_info    0x0001067f       0x7a build/obj/usb.o
 .debug_info    0x000106f9       0x7a build/obj/stm32_dma.o
 .debug_info    0x00010773      0x2eb build/obj/hal_lld.o
 .debug_info    0x00010a5e       0x7a build/obj/adc_lld.o
 .debug_info    0x00010ad8       0x7a build/obj/ext_lld_isr.o
 .debug_info    0x00010b52       0x7a build/obj/ext_lld.o
 .debug_info    0x00010bcc      0x54e build/obj/pal_lld.o
 .debug_info    0x0001111a       0x7a build/obj/i2c_lld.o
 .debug_info    0x00011194       0x7a build/obj/rtc_lld.o
 .debug_info    0x0001120e       0x7a build/obj/spi_lld.o
 .debug_info    0x00011288       0x7a build/obj/gpt_lld.o
 .debug_info    0x00011302       0x7a build/obj/icu_lld.o
 .debug_info    0x0001137c      0x64e build/obj/pwm_lld.o
 .debug_info    0x000119ca      0xc58 build/obj/serial_lld.o
 .debug_info    0x00012622       0x7a build/obj/uart_lld.o
 .debug_info    0x0001269c      0x199 build/obj/board.o
 .debug_info    0x00012835      0xad8 build/obj/main.o
 .debug_info    0x0001330d       0xa8 c:/yagarto/bin/../lib/gcc/arm-none-eabi/4.6.2/thumb/v6m\libgcc.a(_udivsi3.o)
 .debug_info    0x000133b5       0xa8 c:/yagarto/bin/../lib/gcc/arm-none-eabi/4.6.2/thumb/v6m\libgcc.a(_dvmd_tls.o)

.debug_abbrev   0x00000000     0x4ca0
 .debug_abbrev  0x00000000       0xc5 build/obj/crt0.o
 .debug_abbrev  0x000000c5       0xae build/obj/vectors.o
 .debug_abbrev  0x00000173       0x41 build/obj/chcore.o
 .debug_abbrev  0x000001b4      0x152 build/obj/chcore_v6m.o
 .debug_abbrev  0x00000306       0xec build/obj/nvic.o
 .debug_abbrev  0x000003f2      0x147 build/obj/chsys.o
 .debug_abbrev  0x00000539       0x2a build/obj/chdebug.o
 .debug_abbrev  0x00000563       0x2a build/obj/chlists.o
 .debug_abbrev  0x0000058d      0x13d build/obj/chvt.o
 .debug_abbrev  0x000006ca      0x29f build/obj/chschd.o
 .debug_abbrev  0x00000969      0x2c2 build/obj/chthreads.o
 .debug_abbrev  0x00000c2b      0x16d build/obj/chdynamic.o
 .debug_abbrev  0x00000d98      0x12f build/obj/chregistry.o
 .debug_abbrev  0x00000ec7      0x259 build/obj/chsem.o
 .debug_abbrev  0x00001120      0x274 build/obj/chmtx.o
 .debug_abbrev  0x00001394      0x221 build/obj/chcond.o
 .debug_abbrev  0x000015b5      0x254 build/obj/chevents.o
 .debug_abbrev  0x00001809      0x170 build/obj/chmsg.o
 .debug_abbrev  0x00001979      0x165 build/obj/chmboxes.o
 .debug_abbrev  0x00001ade      0x27d build/obj/chqueues.o
 .debug_abbrev  0x00001d5b      0x142 build/obj/chmemcore.o
 .debug_abbrev  0x00001e9d      0x169 build/obj/chheap.o
 .debug_abbrev  0x00002006      0x1e2 build/obj/chmempools.o
 .debug_abbrev  0x000021e8      0x411 build/obj/test.o
 .debug_abbrev  0x000025f9      0x1cf build/obj/testthd.o
 .debug_abbrev  0x000027c8      0x214 build/obj/testsem.o
 .debug_abbrev  0x000029dc      0x206 build/obj/testmtx.o
 .debug_abbrev  0x00002be2      0x146 build/obj/testmsg.o
 .debug_abbrev  0x00002d28      0x19c build/obj/testmbox.o
 .debug_abbrev  0x00002ec4      0x21a build/obj/testevt.o
 .debug_abbrev  0x000030de      0x17f build/obj/testheap.o
 .debug_abbrev  0x0000325d      0x179 build/obj/testpools.o
 .debug_abbrev  0x000033d6      0x1e6 build/obj/testdyn.o
 .debug_abbrev  0x000035bc      0x21a build/obj/testqueues.o
 .debug_abbrev  0x000037d6      0x281 build/obj/testbmk.o
 .debug_abbrev  0x00003a57       0x91 build/obj/hal.o
 .debug_abbrev  0x00003ae8       0x2a build/obj/adc.o
 .debug_abbrev  0x00003b12       0x2a build/obj/can.o
 .debug_abbrev  0x00003b3c       0x2a build/obj/dac.o
 .debug_abbrev  0x00003b66       0x2a build/obj/ext.o
 .debug_abbrev  0x00003b90       0x2a build/obj/gpt.o
 .debug_abbrev  0x00003bba       0x2a build/obj/i2c.o
 .debug_abbrev  0x00003be4       0x2a build/obj/icu.o
 .debug_abbrev  0x00003c0e       0x2a build/obj/mac.o
 .debug_abbrev  0x00003c38       0x2a build/obj/mmc_spi.o
 .debug_abbrev  0x00003c62       0x2a build/obj/mmcsd.o
 .debug_abbrev  0x00003c8c       0xf1 build/obj/pal.o
 .debug_abbrev  0x00003d7d      0x145 build/obj/pwm.o
 .debug_abbrev  0x00003ec2       0x2a build/obj/rtc.o
 .debug_abbrev  0x00003eec       0x2a build/obj/sdc.o
 .debug_abbrev  0x00003f16      0x1c6 build/obj/serial.o
 .debug_abbrev  0x000040dc       0x2a build/obj/serial_usb.o
 .debug_abbrev  0x00004106       0x2a build/obj/spi.o
 .debug_abbrev  0x00004130       0x2a build/obj/tm.o
 .debug_abbrev  0x0000415a       0x2a build/obj/uart.o
 .debug_abbrev  0x00004184       0x2a build/obj/usb.o
 .debug_abbrev  0x000041ae       0x2a build/obj/stm32_dma.o
 .debug_abbrev  0x000041d8       0xc9 build/obj/hal_lld.o
 .debug_abbrev  0x000042a1       0x2a build/obj/adc_lld.o
 .debug_abbrev  0x000042cb       0x2a build/obj/ext_lld_isr.o
 .debug_abbrev  0x000042f5       0x2a build/obj/ext_lld.o
 .debug_abbrev  0x0000431f      0x19d build/obj/pal_lld.o
 .debug_abbrev  0x000044bc       0x2a build/obj/i2c_lld.o
 .debug_abbrev  0x000044e6       0x2a build/obj/rtc_lld.o
 .debug_abbrev  0x00004510       0x2a build/obj/spi_lld.o
 .debug_abbrev  0x0000453a       0x2a build/obj/gpt_lld.o
 .debug_abbrev  0x00004564       0x2a build/obj/icu_lld.o
 .debug_abbrev  0x0000458e      0x1f7 build/obj/pwm_lld.o
 .debug_abbrev  0x00004785      0x282 build/obj/serial_lld.o
 .debug_abbrev  0x00004a07       0x2a build/obj/uart_lld.o
 .debug_abbrev  0x00004a31       0xa6 build/obj/board.o
 .debug_abbrev  0x00004ad7      0x1a1 build/obj/main.o
 .debug_abbrev  0x00004c78       0x14 c:/yagarto/bin/../lib/gcc/arm-none-eabi/4.6.2/thumb/v6m\libgcc.a(_udivsi3.o)
 .debug_abbrev  0x00004c8c       0x14 c:/yagarto/bin/../lib/gcc/arm-none-eabi/4.6.2/thumb/v6m\libgcc.a(_dvmd_tls.o)

.debug_loc      0x00000000     0x64fb
 .debug_loc     0x00000000       0x72 build/obj/crt0.o
 .debug_loc     0x00000072       0x20 build/obj/chcore.o
 .debug_loc     0x00000092       0xb1 build/obj/chcore_v6m.o
 .debug_loc     0x00000143      0x115 build/obj/nvic.o
 .debug_loc     0x00000258       0xab build/obj/chsys.o
 .debug_loc     0x00000303      0x126 build/obj/chvt.o
 .debug_loc     0x00000429      0x3b7 build/obj/chschd.o
 .debug_loc     0x000007e0      0x3b6 build/obj/chthreads.o
 .debug_loc     0x00000b96      0x212 build/obj/chdynamic.o
 .debug_loc     0x00000da8       0x93 build/obj/chregistry.o
 .debug_loc     0x00000e3b      0x50e build/obj/chsem.o
 .debug_loc     0x00001349      0x4e8 build/obj/chmtx.o
 .debug_loc     0x00001831      0x475 build/obj/chcond.o
 .debug_loc     0x00001ca6      0x653 build/obj/chevents.o
 .debug_loc     0x000022f9      0x168 build/obj/chmsg.o
 .debug_loc     0x00002461      0x49a build/obj/chmboxes.o
 .debug_loc     0x000028fb      0x668 build/obj/chqueues.o
 .debug_loc     0x00002f63       0xd3 build/obj/chmemcore.o
 .debug_loc     0x00003036      0x35f build/obj/chheap.o
 .debug_loc     0x00003395      0x1b3 build/obj/chmempools.o
 .debug_loc     0x00003548      0x554 build/obj/test.o
 .debug_loc     0x00003a9c      0x178 build/obj/testthd.o
 .debug_loc     0x00003c14      0x23a build/obj/testsem.o
 .debug_loc     0x00003e4e      0x725 build/obj/testmtx.o
 .debug_loc     0x00004573       0xe0 build/obj/testmsg.o
 .debug_loc     0x00004653      0x185 build/obj/testmbox.o
 .debug_loc     0x000047d8      0x2f9 build/obj/testevt.o
 .debug_loc     0x00004ad1      0x1d8 build/obj/testheap.o
 .debug_loc     0x00004ca9       0x67 build/obj/testpools.o
 .debug_loc     0x00004d10      0x25f build/obj/testdyn.o
 .debug_loc     0x00004f6f      0x1af build/obj/testqueues.o
 .debug_loc     0x0000511e      0x5e6 build/obj/testbmk.o
 .debug_loc     0x00005704       0x20 build/obj/hal.o
 .debug_loc     0x00005724       0xaa build/obj/pal.o
 .debug_loc     0x000057ce      0x16d build/obj/pwm.o
 .debug_loc     0x0000593b      0x4fa build/obj/serial.o
 .debug_loc     0x00005e35       0x40 build/obj/hal_lld.o
 .debug_loc     0x00005e75      0x179 build/obj/pal_lld.o
 .debug_loc     0x00005fee      0x1d9 build/obj/pwm_lld.o
 .debug_loc     0x000061c7      0x282 build/obj/serial_lld.o
 .debug_loc     0x00006449       0x20 build/obj/board.o
 .debug_loc     0x00006469       0x92 build/obj/main.o

.debug_aranges  0x00000000      0xda8
 .debug_aranges
                0x00000000       0x38 build/obj/crt0.o
 .debug_aranges
                0x00000038       0x20 build/obj/vectors.o
 .debug_aranges
                0x00000058       0x20 build/obj/chcore.o
 .debug_aranges
                0x00000078       0x48 build/obj/chcore_v6m.o
 .debug_aranges
                0x000000c0       0x30 build/obj/nvic.o
 .debug_aranges
                0x000000f0       0x30 build/obj/chsys.o
 .debug_aranges
                0x00000120       0x38 build/obj/chvt.o
 .debug_aranges
                0x00000158       0x68 build/obj/chschd.o
 .debug_aranges
                0x000001c0       0x78 build/obj/chthreads.o
 .debug_aranges
                0x00000238       0x38 build/obj/chdynamic.o
 .debug_aranges
                0x00000270       0x28 build/obj/chregistry.o
 .debug_aranges
                0x00000298       0x70 build/obj/chsem.o
 .debug_aranges
                0x00000308       0x58 build/obj/chmtx.o
 .debug_aranges
                0x00000360       0x60 build/obj/chcond.o
 .debug_aranges
                0x000003c0       0xa0 build/obj/chevents.o
 .debug_aranges
                0x00000460       0x30 build/obj/chmsg.o
 .debug_aranges
                0x00000490       0x70 build/obj/chmboxes.o
 .debug_aranges
                0x00000500       0x70 build/obj/chqueues.o
 .debug_aranges
                0x00000570       0x38 build/obj/chmemcore.o
 .debug_aranges
                0x000005a8       0x40 build/obj/chheap.o
 .debug_aranges
                0x000005e8       0x48 build/obj/chmempools.o
 .debug_aranges
                0x00000630       0x98 build/obj/test.o
 .debug_aranges
                0x000006c8       0x40 build/obj/testthd.o
 .debug_aranges
                0x00000708       0x70 build/obj/testsem.o
 .debug_aranges
                0x00000778      0x108 build/obj/testmtx.o
 .debug_aranges
                0x00000880       0x28 build/obj/testmsg.o
 .debug_aranges
                0x000008a8       0x28 build/obj/testmbox.o
 .debug_aranges
                0x000008d0       0x70 build/obj/testevt.o
 .debug_aranges
                0x00000940       0x28 build/obj/testheap.o
 .debug_aranges
                0x00000968       0x30 build/obj/testpools.o
 .debug_aranges
                0x00000998       0x58 build/obj/testdyn.o
 .debug_aranges
                0x000009f0       0x50 build/obj/testqueues.o
 .debug_aranges
                0x00000a40       0xd0 build/obj/testbmk.o
 .debug_aranges
                0x00000b10       0x20 build/obj/hal.o
 .debug_aranges
                0x00000b30       0x30 build/obj/pal.o
 .debug_aranges
                0x00000b60       0x50 build/obj/pwm.o
 .debug_aranges
                0x00000bb0       0x88 build/obj/serial.o
 .debug_aranges
                0x00000c38       0x28 build/obj/hal_lld.o
 .debug_aranges
                0x00000c60       0x28 build/obj/pal_lld.o
 .debug_aranges
                0x00000c88       0x48 build/obj/pwm_lld.o
 .debug_aranges
                0x00000cd0       0x40 build/obj/serial_lld.o
 .debug_aranges
                0x00000d10       0x28 build/obj/board.o
 .debug_aranges
                0x00000d38       0x30 build/obj/main.o
 .debug_aranges
                0x00000d68       0x20 c:/yagarto/bin/../lib/gcc/arm-none-eabi/4.6.2/thumb/v6m\libgcc.a(_udivsi3.o)
 .debug_aranges
                0x00000d88       0x20 c:/yagarto/bin/../lib/gcc/arm-none-eabi/4.6.2/thumb/v6m\libgcc.a(_dvmd_tls.o)

.debug_ranges   0x00000000     0x1188
 .debug_ranges  0x00000000       0x28 build/obj/crt0.o
 .debug_ranges  0x00000028       0x10 build/obj/vectors.o
 .debug_ranges  0x00000038       0x10 build/obj/chcore.o
 .debug_ranges  0x00000048       0x50 build/obj/chcore_v6m.o
 .debug_ranges  0x00000098       0x20 build/obj/nvic.o
 .debug_ranges  0x000000b8       0x20 build/obj/chsys.o
 .debug_ranges  0x000000d8       0x28 build/obj/chvt.o
 .debug_ranges  0x00000100      0x198 build/obj/chschd.o
 .debug_ranges  0x00000298       0x80 build/obj/chthreads.o
 .debug_ranges  0x00000318       0x28 build/obj/chdynamic.o
 .debug_ranges  0x00000340       0x18 build/obj/chregistry.o
 .debug_ranges  0x00000358       0xf0 build/obj/chsem.o
 .debug_ranges  0x00000448      0x158 build/obj/chmtx.o
 .debug_ranges  0x000005a0       0xe0 build/obj/chcond.o
 .debug_ranges  0x00000680       0xc0 build/obj/chevents.o
 .debug_ranges  0x00000740       0x68 build/obj/chmsg.o
 .debug_ranges  0x000007a8       0x60 build/obj/chmboxes.o
 .debug_ranges  0x00000808       0x60 build/obj/chqueues.o
 .debug_ranges  0x00000868       0x58 build/obj/chmemcore.o
 .debug_ranges  0x000008c0       0x30 build/obj/chheap.o
 .debug_ranges  0x000008f0       0x68 build/obj/chmempools.o
 .debug_ranges  0x00000958      0x150 build/obj/test.o
 .debug_ranges  0x00000aa8       0x30 build/obj/testthd.o
 .debug_ranges  0x00000ad8       0x60 build/obj/testsem.o
 .debug_ranges  0x00000b38       0xf8 build/obj/testmtx.o
 .debug_ranges  0x00000c30       0x18 build/obj/testmsg.o
 .debug_ranges  0x00000c48       0x18 build/obj/testmbox.o
 .debug_ranges  0x00000c60       0x60 build/obj/testevt.o
 .debug_ranges  0x00000cc0       0x18 build/obj/testheap.o
 .debug_ranges  0x00000cd8       0x60 build/obj/testpools.o
 .debug_ranges  0x00000d38       0x48 build/obj/testdyn.o
 .debug_ranges  0x00000d80       0x90 build/obj/testqueues.o
 .debug_ranges  0x00000e10       0xc0 build/obj/testbmk.o
 .debug_ranges  0x00000ed0       0x10 build/obj/hal.o
 .debug_ranges  0x00000ee0       0x20 build/obj/pal.o
 .debug_ranges  0x00000f00       0x40 build/obj/pwm.o
 .debug_ranges  0x00000f40       0x78 build/obj/serial.o
 .debug_ranges  0x00000fb8       0x18 build/obj/hal_lld.o
 .debug_ranges  0x00000fd0       0x58 build/obj/pal_lld.o
 .debug_ranges  0x00001028       0x68 build/obj/pwm_lld.o
 .debug_ranges  0x00001090       0xc0 build/obj/serial_lld.o
 .debug_ranges  0x00001150       0x18 build/obj/board.o
 .debug_ranges  0x00001168       0x20 build/obj/main.o

.debug_line     0x00000000     0x5a42
 .debug_line    0x00000000       0xf9 build/obj/crt0.o
 .debug_line    0x000000f9       0x9d build/obj/vectors.o
 .debug_line    0x00000196       0x53 build/obj/chcore.o
 .debug_line    0x000001e9      0x1a4 build/obj/chcore_v6m.o
 .debug_line    0x0000038d       0xde build/obj/nvic.o
 .debug_line    0x0000046b      0x19d build/obj/chsys.o
 .debug_line    0x00000608       0x1d build/obj/chdebug.o
 .debug_line    0x00000625       0x1d build/obj/chlists.o
 .debug_line    0x00000642      0x136 build/obj/chvt.o
 .debug_line    0x00000778      0x2ce build/obj/chschd.o
 .debug_line    0x00000a46      0x2d1 build/obj/chthreads.o
 .debug_line    0x00000d17      0x1e0 build/obj/chdynamic.o
 .debug_line    0x00000ef7      0x183 build/obj/chregistry.o
 .debug_line    0x0000107a      0x2c4 build/obj/chsem.o
 .debug_line    0x0000133e      0x2c7 build/obj/chmtx.o
 .debug_line    0x00001605      0x23f build/obj/chcond.o
 .debug_line    0x00001844      0x2da build/obj/chevents.o
 .debug_line    0x00001b1e      0x176 build/obj/chmsg.o
 .debug_line    0x00001c94      0x21e build/obj/chmboxes.o
 .debug_line    0x00001eb2      0x315 build/obj/chqueues.o
 .debug_line    0x000021c7      0x11d build/obj/chmemcore.o
 .debug_line    0x000022e4      0x22f build/obj/chheap.o
 .debug_line    0x00002513      0x191 build/obj/chmempools.o
 .debug_line    0x000026a4      0x43e build/obj/test.o
 .debug_line    0x00002ae2      0x1b8 build/obj/testthd.o
 .debug_line    0x00002c9a      0x285 build/obj/testsem.o
 .debug_line    0x00002f1f      0x442 build/obj/testmtx.o
 .debug_line    0x00003361      0x137 build/obj/testmsg.o
 .debug_line    0x00003498      0x197 build/obj/testmbox.o
 .debug_line    0x0000362f      0x244 build/obj/testevt.o
 .debug_line    0x00003873      0x1c3 build/obj/testheap.o
 .debug_line    0x00003a36       0xff build/obj/testpools.o
 .debug_line    0x00003b35      0x2a6 build/obj/testdyn.o
 .debug_line    0x00003ddb      0x24d build/obj/testqueues.o
 .debug_line    0x00004028      0x55e build/obj/testbmk.o
 .debug_line    0x00004586       0xc3 build/obj/hal.o
 .debug_line    0x00004649       0x1d build/obj/adc.o
 .debug_line    0x00004666       0x1d build/obj/can.o
 .debug_line    0x00004683       0x1d build/obj/dac.o
 .debug_line    0x000046a0       0x1d build/obj/ext.o
 .debug_line    0x000046bd       0x1d build/obj/gpt.o
 .debug_line    0x000046da       0x1d build/obj/i2c.o
 .debug_line    0x000046f7       0x1d build/obj/icu.o
 .debug_line    0x00004714       0x1d build/obj/mac.o
 .debug_line    0x00004731       0x1d build/obj/mmc_spi.o
 .debug_line    0x0000474e       0x1d build/obj/mmcsd.o
 .debug_line    0x0000476b       0xfe build/obj/pal.o
 .debug_line    0x00004869      0x161 build/obj/pwm.o
 .debug_line    0x000049ca       0x1d build/obj/rtc.o
 .debug_line    0x000049e7       0x1d build/obj/sdc.o
 .debug_line    0x00004a04      0x2ee build/obj/serial.o
 .debug_line    0x00004cf2       0x1d build/obj/serial_usb.o
 .debug_line    0x00004d0f       0x1d build/obj/spi.o
 .debug_line    0x00004d2c       0x1d build/obj/tm.o
 .debug_line    0x00004d49       0x1d build/obj/uart.o
 .debug_line    0x00004d66       0x1d build/obj/usb.o
 .debug_line    0x00004d83       0x1d build/obj/stm32_dma.o
 .debug_line    0x00004da0      0x142 build/obj/hal_lld.o
 .debug_line    0x00004ee2       0x1d build/obj/adc_lld.o
 .debug_line    0x00004eff       0x1d build/obj/ext_lld_isr.o
 .debug_line    0x00004f1c       0x1d build/obj/ext_lld.o
 .debug_line    0x00004f39      0x15a build/obj/pal_lld.o
 .debug_line    0x00005093       0x1d build/obj/i2c_lld.o
 .debug_line    0x000050b0       0x1d build/obj/rtc_lld.o
 .debug_line    0x000050cd       0x1d build/obj/spi_lld.o
 .debug_line    0x000050ea       0x1d build/obj/gpt_lld.o
 .debug_line    0x00005107       0x1d build/obj/icu_lld.o
 .debug_line    0x00005124      0x210 build/obj/pwm_lld.o
 .debug_line    0x00005334      0x29d build/obj/serial_lld.o
 .debug_line    0x000055d1       0x1d build/obj/uart_lld.o
 .debug_line    0x000055ee       0xdc build/obj/board.o
 .debug_line    0x000056ca      0x280 build/obj/main.o
 .debug_line    0x0000594a       0x88 c:/yagarto/bin/../lib/gcc/arm-none-eabi/4.6.2/thumb/v6m\libgcc.a(_udivsi3.o)
 .debug_line    0x000059d2       0x70 c:/yagarto/bin/../lib/gcc/arm-none-eabi/4.6.2/thumb/v6m\libgcc.a(_dvmd_tls.o)

.debug_str      0x00000000     0x26a1
 .debug_str     0x00000000      0x1cd build/obj/crt0.o
                                0x201 (size before relaxing)
 .debug_str     0x000001cd      0x13c build/obj/vectors.o
                                0x228 (size before relaxing)
 .debug_str     0x00000309       0x2d build/obj/chcore.o
                                 0xfb (size before relaxing)
 .debug_str     0x00000336      0x28d build/obj/chcore_v6m.o
                                0x382 (size before relaxing)
 .debug_str     0x000005c3       0xbb build/obj/nvic.o
                                0x1f2 (size before relaxing)
 .debug_str     0x0000067e      0x1c3 build/obj/chsys.o
                                0x4a3 (size before relaxing)
 .debug_str     0x00000841       0x1e build/obj/chdebug.o
                                 0xec (size before relaxing)
 .debug_str     0x0000085f       0x1e build/obj/chlists.o
                                 0xec (size before relaxing)
 .debug_str     0x0000087d       0x55 build/obj/chvt.o
                                0x197 (size before relaxing)
 .debug_str     0x000008d2       0xed build/obj/chschd.o
                                0x3bc (size before relaxing)
 .debug_str     0x000009bf       0xec build/obj/chthreads.o
                                0x3d6 (size before relaxing)
 .debug_str     0x00000aab       0xf2 build/obj/chdynamic.o
                                0x377 (size before relaxing)
 .debug_str     0x00000b9d       0x42 build/obj/chregistry.o
                                0x3be (size before relaxing)
 .debug_str     0x00000bdf       0xc8 build/obj/chsem.o
                                0x374 (size before relaxing)
 .debug_str     0x00000ca7       0x8a build/obj/chmtx.o
                                0x32a (size before relaxing)
 .debug_str     0x00000d31       0xb0 build/obj/chcond.o
                                0x34a (size before relaxing)
 .debug_str     0x00000de1      0x1b9 build/obj/chevents.o
                                0x446 (size before relaxing)
 .debug_str     0x00000f9a       0x3d build/obj/chmsg.o
                                0x2d3 (size before relaxing)
 .debug_str     0x00000fd7       0xe2 build/obj/chmboxes.o
                                0x343 (size before relaxing)
 .debug_str     0x000010b9      0x119 build/obj/chqueues.o
                                0x3cc (size before relaxing)
 .debug_str     0x000011d2       0x7b build/obj/chmemcore.o
                                0x15d (size before relaxing)
 .debug_str     0x0000124d       0x6a build/obj/chheap.o
                                0x326 (size before relaxing)
 .debug_str     0x000012b7       0x6c build/obj/chmempools.o
                                0x1ab (size before relaxing)
 .debug_str     0x00001323      0x25d build/obj/test.o
                                0x595 (size before relaxing)
 .debug_str     0x00001580       0x6d build/obj/testthd.o
                                0x389 (size before relaxing)
 .debug_str     0x000015ed       0xd6 build/obj/testsem.o
                                0x404 (size before relaxing)
 .debug_str     0x000016c3      0x194 build/obj/testmtx.o
                                0x4c8 (size before relaxing)
 .debug_str     0x00001857       0x2b build/obj/testmsg.o
                                0x2e7 (size before relaxing)
 .debug_str     0x00001882       0x3f build/obj/testmbox.o
                                0x340 (size before relaxing)
 .debug_str     0x000018c1       0x7f build/obj/testevt.o
                                0x40f (size before relaxing)
 .debug_str     0x00001940       0x44 build/obj/testheap.o
                                0x344 (size before relaxing)
 .debug_str     0x00001984       0x4c build/obj/testpools.o
                                0x1a7 (size before relaxing)
 .debug_str     0x000019d0       0x86 build/obj/testdyn.o
                                0x427 (size before relaxing)
 .debug_str     0x00001a56       0x6c build/obj/testqueues.o
                                0x3e7 (size before relaxing)
 .debug_str     0x00001ac2      0x17f build/obj/testbmk.o
                                0x541 (size before relaxing)
 .debug_str     0x00001c41       0x97 build/obj/hal.o
                                0x16e (size before relaxing)
 .debug_str     0x00001cd8       0x17 build/obj/adc.o
                                 0xe5 (size before relaxing)
 .debug_str     0x00001cef       0x17 build/obj/can.o
                                 0xe5 (size before relaxing)
 .debug_str     0x00001d06       0x17 build/obj/dac.o
                                 0xe5 (size before relaxing)
 .debug_str     0x00001d1d       0x17 build/obj/ext.o
                                 0xe5 (size before relaxing)
 .debug_str     0x00001d34       0x17 build/obj/gpt.o
                                 0xe5 (size before relaxing)
 .debug_str     0x00001d4b       0x17 build/obj/i2c.o
                                 0xe5 (size before relaxing)
 .debug_str     0x00001d62       0x17 build/obj/icu.o
                                 0xe5 (size before relaxing)
 .debug_str     0x00001d79       0x17 build/obj/mac.o
                                 0xe5 (size before relaxing)
 .debug_str     0x00001d90       0x1b build/obj/mmc_spi.o
                                 0xe9 (size before relaxing)
 .debug_str     0x00001dab       0x19 build/obj/mmcsd.o
                                 0xe7 (size before relaxing)
 .debug_str     0x00001dc4       0xc5 build/obj/pal.o
                                0x1af (size before relaxing)
 .debug_str     0x00001e89      0x167 build/obj/pwm.o
                                0x269 (size before relaxing)
 .debug_str     0x00001ff0       0x17 build/obj/rtc.o
                                 0xe5 (size before relaxing)
 .debug_str     0x00002007       0x17 build/obj/sdc.o
                                 0xe5 (size before relaxing)
 .debug_str     0x0000201e      0x144 build/obj/serial.o
                                0x480 (size before relaxing)
 .debug_str     0x00002162       0x1e build/obj/serial_usb.o
                                 0xec (size before relaxing)
 .debug_str     0x00002180       0x17 build/obj/spi.o
                                 0xe5 (size before relaxing)
 .debug_str     0x00002197       0x16 build/obj/tm.o
                                 0xe4 (size before relaxing)
 .debug_str     0x000021ad       0x18 build/obj/uart.o
                                 0xe6 (size before relaxing)
 .debug_str     0x000021c5       0x17 build/obj/usb.o
                                 0xe5 (size before relaxing)
 .debug_str     0x000021dc       0x2d build/obj/stm32_dma.o
                                 0xfb (size before relaxing)
 .debug_str     0x00002209      0x104 build/obj/hal_lld.o
                                0x1e9 (size before relaxing)
 .debug_str     0x0000230d       0x2b build/obj/adc_lld.o
                                 0xf9 (size before relaxing)
 .debug_str     0x00002338       0x2f build/obj/ext_lld_isr.o
                                 0xfd (size before relaxing)
 .debug_str     0x00002367       0x27 build/obj/ext_lld.o
                                 0xf5 (size before relaxing)
 .debug_str     0x0000238e       0x74 build/obj/pal_lld.o
                                0x280 (size before relaxing)
 .debug_str     0x00002402       0x2d build/obj/i2c_lld.o
                                 0xfb (size before relaxing)
 .debug_str     0x0000242f       0x2d build/obj/rtc_lld.o
                                 0xfb (size before relaxing)
 .debug_str     0x0000245c       0x2d build/obj/spi_lld.o
                                 0xfb (size before relaxing)
 .debug_str     0x00002489       0x2d build/obj/gpt_lld.o
                                 0xfb (size before relaxing)
 .debug_str     0x000024b6       0x2d build/obj/icu_lld.o
                                 0xfb (size before relaxing)
 .debug_str     0x000024e3       0xb0 build/obj/pwm_lld.o
                                0x30e (size before relaxing)
 .debug_str     0x00002593       0x8a build/obj/serial_lld.o
                                0x506 (size before relaxing)
 .debug_str     0x0000261d       0x30 build/obj/uart_lld.o
                                 0xfe (size before relaxing)
 .debug_str     0x0000264d       0x34 build/obj/board.o
                                0x190 (size before relaxing)
 .debug_str     0x00002681       0x20 build/obj/main.o
                                0x4b8 (size before relaxing)

.comment        0x00000000       0x11
 .comment       0x00000000       0x11 build/obj/crt0.o
                                 0x12 (size before relaxing)
 .comment       0x00000000       0x12 build/obj/vectors.o
 .comment       0x00000000       0x12 build/obj/chcore.o
 .comment       0x00000000       0x12 build/obj/chcore_v6m.o
 .comment       0x00000000       0x12 build/obj/nvic.o
 .comment       0x00000000       0x12 build/obj/chsys.o
 .comment       0x00000000       0x12 build/obj/chdebug.o
 .comment       0x00000000       0x12 build/obj/chlists.o
 .comment       0x00000000       0x12 build/obj/chvt.o
 .comment       0x00000000       0x12 build/obj/chschd.o
 .comment       0x00000000       0x12 build/obj/chthreads.o
 .comment       0x00000000       0x12 build/obj/chdynamic.o
 .comment       0x00000000       0x12 build/obj/chregistry.o
 .comment       0x00000000       0x12 build/obj/chsem.o
 .comment       0x00000000       0x12 build/obj/chmtx.o
 .comment       0x00000000       0x12 build/obj/chcond.o
 .comment       0x00000000       0x12 build/obj/chevents.o
 .comment       0x00000000       0x12 build/obj/chmsg.o
 .comment       0x00000000       0x12 build/obj/chmboxes.o
 .comment       0x00000000       0x12 build/obj/chqueues.o
 .comment       0x00000000       0x12 build/obj/chmemcore.o
 .comment       0x00000000       0x12 build/obj/chheap.o
 .comment       0x00000000       0x12 build/obj/chmempools.o
 .comment       0x00000000       0x12 build/obj/test.o
 .comment       0x00000000       0x12 build/obj/testthd.o
 .comment       0x00000000       0x12 build/obj/testsem.o
 .comment       0x00000000       0x12 build/obj/testmtx.o
 .comment       0x00000000       0x12 build/obj/testmsg.o
 .comment       0x00000000       0x12 build/obj/testmbox.o
 .comment       0x00000000       0x12 build/obj/testevt.o
 .comment       0x00000000       0x12 build/obj/testheap.o
 .comment       0x00000000       0x12 build/obj/testpools.o
 .comment       0x00000000       0x12 build/obj/testdyn.o
 .comment       0x00000000       0x12 build/obj/testqueues.o
 .comment       0x00000000       0x12 build/obj/testbmk.o
 .comment       0x00000000       0x12 build/obj/hal.o
 .comment       0x00000000       0x12 build/obj/adc.o
 .comment       0x00000000       0x12 build/obj/can.o
 .comment       0x00000000       0x12 build/obj/dac.o
 .comment       0x00000000       0x12 build/obj/ext.o
 .comment       0x00000000       0x12 build/obj/gpt.o
 .comment       0x00000000       0x12 build/obj/i2c.o
 .comment       0x00000000       0x12 build/obj/icu.o
 .comment       0x00000000       0x12 build/obj/mac.o
 .comment       0x00000000       0x12 build/obj/mmc_spi.o
 .comment       0x00000000       0x12 build/obj/mmcsd.o
 .comment       0x00000000       0x12 build/obj/pal.o
 .comment       0x00000000       0x12 build/obj/pwm.o
 .comment       0x00000000       0x12 build/obj/rtc.o
 .comment       0x00000000       0x12 build/obj/sdc.o
 .comment       0x00000000       0x12 build/obj/serial.o
 .comment       0x00000000       0x12 build/obj/serial_usb.o
 .comment       0x00000000       0x12 build/obj/spi.o
 .comment       0x00000000       0x12 build/obj/tm.o
 .comment       0x00000000       0x12 build/obj/uart.o
 .comment       0x00000000       0x12 build/obj/usb.o
 .comment       0x00000000       0x12 build/obj/stm32_dma.o
 .comment       0x00000000       0x12 build/obj/hal_lld.o
 .comment       0x00000000       0x12 build/obj/adc_lld.o
 .comment       0x00000000       0x12 build/obj/ext_lld_isr.o
 .comment       0x00000000       0x12 build/obj/ext_lld.o
 .comment       0x00000000       0x12 build/obj/pal_lld.o
 .comment       0x00000000       0x12 build/obj/i2c_lld.o
 .comment       0x00000000       0x12 build/obj/rtc_lld.o
 .comment       0x00000000       0x12 build/obj/spi_lld.o
 .comment       0x00000000       0x12 build/obj/gpt_lld.o
 .comment       0x00000000       0x12 build/obj/icu_lld.o
 .comment       0x00000000       0x12 build/obj/pwm_lld.o
 .comment       0x00000000       0x12 build/obj/serial_lld.o
 .comment       0x00000000       0x12 build/obj/uart_lld.o
 .comment       0x00000000       0x12 build/obj/board.o
 .comment       0x00000000       0x12 build/obj/main.o

.ARM.attributes
                0x00000000       0x33
 .ARM.attributes
                0x00000000       0x33 build/obj/crt0.o
 .ARM.attributes
                0x00000033       0x33 build/obj/vectors.o
 .ARM.attributes
                0x00000066       0x33 build/obj/chcore.o
 .ARM.attributes
                0x00000099       0x33 build/obj/chcore_v6m.o
 .ARM.attributes
                0x000000cc       0x33 build/obj/nvic.o
 .ARM.attributes
                0x000000ff       0x33 build/obj/chsys.o
 .ARM.attributes
                0x00000132       0x33 build/obj/chdebug.o
 .ARM.attributes
                0x00000165       0x33 build/obj/chlists.o
 .ARM.attributes
                0x00000198       0x33 build/obj/chvt.o
 .ARM.attributes
                0x000001cb       0x33 build/obj/chschd.o
 .ARM.attributes
                0x000001fe       0x33 build/obj/chthreads.o
 .ARM.attributes
                0x00000231       0x33 build/obj/chdynamic.o
 .ARM.attributes
                0x00000264       0x33 build/obj/chregistry.o
 .ARM.attributes
                0x00000297       0x33 build/obj/chsem.o
 .ARM.attributes
                0x000002ca       0x33 build/obj/chmtx.o
 .ARM.attributes
                0x000002fd       0x33 build/obj/chcond.o
 .ARM.attributes
                0x00000330       0x33 build/obj/chevents.o
 .ARM.attributes
                0x00000363       0x33 build/obj/chmsg.o
 .ARM.attributes
                0x00000396       0x33 build/obj/chmboxes.o
 .ARM.attributes
                0x000003c9       0x33 build/obj/chqueues.o
 .ARM.attributes
                0x000003fc       0x33 build/obj/chmemcore.o
 .ARM.attributes
                0x0000042f       0x33 build/obj/chheap.o
 .ARM.attributes
                0x00000462       0x33 build/obj/chmempools.o
 .ARM.attributes
                0x00000495       0x33 build/obj/test.o
 .ARM.attributes
                0x000004c8       0x33 build/obj/testthd.o
 .ARM.attributes
                0x000004fb       0x33 build/obj/testsem.o
 .ARM.attributes
                0x0000052e       0x33 build/obj/testmtx.o
 .ARM.attributes
                0x00000561       0x33 build/obj/testmsg.o
 .ARM.attributes
                0x00000594       0x33 build/obj/testmbox.o
 .ARM.attributes
                0x000005c7       0x33 build/obj/testevt.o
 .ARM.attributes
                0x000005fa       0x33 build/obj/testheap.o
 .ARM.attributes
                0x0000062d       0x33 build/obj/testpools.o
 .ARM.attributes
                0x00000660       0x33 build/obj/testdyn.o
 .ARM.attributes
                0x00000693       0x33 build/obj/testqueues.o
 .ARM.attributes
                0x000006c6       0x33 build/obj/testbmk.o
 .ARM.attributes
                0x000006f9       0x33 build/obj/hal.o
 .ARM.attributes
                0x0000072c       0x33 build/obj/adc.o
 .ARM.attributes
                0x0000075f       0x33 build/obj/can.o
 .ARM.attributes
                0x00000792       0x33 build/obj/dac.o
 .ARM.attributes
                0x000007c5       0x33 build/obj/ext.o
 .ARM.attributes
                0x000007f8       0x33 build/obj/gpt.o
 .ARM.attributes
                0x0000082b       0x33 build/obj/i2c.o
 .ARM.attributes
                0x0000085e       0x33 build/obj/icu.o
 .ARM.attributes
                0x00000891       0x33 build/obj/mac.o
 .ARM.attributes
                0x000008c4       0x33 build/obj/mmc_spi.o
 .ARM.attributes
                0x000008f7       0x33 build/obj/mmcsd.o
 .ARM.attributes
                0x0000092a       0x33 build/obj/pal.o
 .ARM.attributes
                0x0000095d       0x33 build/obj/pwm.o
 .ARM.attributes
                0x00000990       0x33 build/obj/rtc.o
 .ARM.attributes
                0x000009c3       0x33 build/obj/sdc.o
 .ARM.attributes
                0x000009f6       0x33 build/obj/serial.o
 .ARM.attributes
                0x00000a29       0x33 build/obj/serial_usb.o
 .ARM.attributes
                0x00000a5c       0x33 build/obj/spi.o
 .ARM.attributes
                0x00000a8f       0x33 build/obj/tm.o
 .ARM.attributes
                0x00000ac2       0x33 build/obj/uart.o
 .ARM.attributes
                0x00000af5       0x33 build/obj/usb.o
 .ARM.attributes
                0x00000b28       0x33 build/obj/stm32_dma.o
 .ARM.attributes
                0x00000b5b       0x33 build/obj/hal_lld.o
 .ARM.attributes
                0x00000b8e       0x33 build/obj/adc_lld.o
 .ARM.attributes
                0x00000bc1       0x33 build/obj/ext_lld_isr.o
 .ARM.attributes
                0x00000bf4       0x33 build/obj/ext_lld.o
 .ARM.attributes
                0x00000c27       0x33 build/obj/pal_lld.o
 .ARM.attributes
                0x00000c5a       0x33 build/obj/i2c_lld.o
 .ARM.attributes
                0x00000c8d       0x33 build/obj/rtc_lld.o
 .ARM.attributes
                0x00000cc0       0x33 build/obj/spi_lld.o
 .ARM.attributes
                0x00000cf3       0x33 build/obj/gpt_lld.o
 .ARM.attributes
                0x00000d26       0x33 build/obj/icu_lld.o
 .ARM.attributes
                0x00000d59       0x33 build/obj/pwm_lld.o
 .ARM.attributes
                0x00000d8c       0x33 build/obj/serial_lld.o
 .ARM.attributes
                0x00000dbf       0x33 build/obj/uart_lld.o
 .ARM.attributes
                0x00000df2       0x33 build/obj/board.o
 .ARM.attributes
                0x00000e25       0x33 build/obj/main.o
 .ARM.attributes
                0x00000e58       0x1f c:/yagarto/bin/../lib/gcc/arm-none-eabi/4.6.2/thumb/v6m\libgcc.a(_udivsi3.o)
 .ARM.attributes
                0x00000e77       0x1f c:/yagarto/bin/../lib/gcc/arm-none-eabi/4.6.2/thumb/v6m\libgcc.a(_dvmd_tls.o)

.debug_frame    0x00000000     0x2488
 .debug_frame   0x00000000       0x50 build/obj/crt0.o
 .debug_frame   0x00000050       0x20 build/obj/vectors.o
 .debug_frame   0x00000070       0x28 build/obj/chcore.o
 .debug_frame   0x00000098       0x84 build/obj/chcore_v6m.o
 .debug_frame   0x0000011c       0x68 build/obj/nvic.o
 .debug_frame   0x00000184       0x64 build/obj/chsys.o
 .debug_frame   0x000001e8       0x6c build/obj/chvt.o
 .debug_frame   0x00000254      0x11c build/obj/chschd.o
 .debug_frame   0x00000370      0x144 build/obj/chthreads.o
 .debug_frame   0x000004b4       0x90 build/obj/chdynamic.o
 .debug_frame   0x00000544       0x3c build/obj/chregistry.o
 .debug_frame   0x00000580      0x144 build/obj/chsem.o
 .debug_frame   0x000006c4       0xec build/obj/chmtx.o
 .debug_frame   0x000007b0      0x114 build/obj/chcond.o
 .debug_frame   0x000008c4      0x1d4 build/obj/chevents.o
 .debug_frame   0x00000a98       0x64 build/obj/chmsg.o
 .debug_frame   0x00000afc      0x150 build/obj/chmboxes.o
 .debug_frame   0x00000c4c      0x170 build/obj/chqueues.o
 .debug_frame   0x00000dbc       0x60 build/obj/chmemcore.o
 .debug_frame   0x00000e1c       0xb0 build/obj/chheap.o
 .debug_frame   0x00000ecc       0x90 build/obj/chmempools.o
 .debug_frame   0x00000f5c      0x1e8 build/obj/test.o
 .debug_frame   0x00001144       0xcc build/obj/testthd.o
 .debug_frame   0x00001210      0x160 build/obj/testsem.o
 .debug_frame   0x00001370      0x3d0 build/obj/testmtx.o
 .debug_frame   0x00001740       0x48 build/obj/testmsg.o
 .debug_frame   0x00001788       0x50 build/obj/testmbox.o
 .debug_frame   0x000017d8      0x15c build/obj/testevt.o
 .debug_frame   0x00001934       0x54 build/obj/testheap.o
 .debug_frame   0x00001988       0x64 build/obj/testpools.o
 .debug_frame   0x000019ec      0x110 build/obj/testdyn.o
 .debug_frame   0x00001afc       0xd8 build/obj/testqueues.o
 .debug_frame   0x00001bd4      0x30c build/obj/testbmk.o
 .debug_frame   0x00001ee0       0x2c build/obj/hal.o
 .debug_frame   0x00001f0c       0x58 build/obj/pal.o
 .debug_frame   0x00001f64       0xbc build/obj/pwm.o
 .debug_frame   0x00002020      0x1a4 build/obj/serial.o
 .debug_frame   0x000021c4       0x44 build/obj/hal_lld.o
 .debug_frame   0x00002208       0x54 build/obj/pal_lld.o
 .debug_frame   0x0000225c       0xb4 build/obj/pwm_lld.o
 .debug_frame   0x00002310       0xa8 build/obj/serial_lld.o
 .debug_frame   0x000023b8       0x3c build/obj/board.o
 .debug_frame   0x000023f4       0x74 build/obj/main.o
 .debug_frame   0x00002468       0x20 c:/yagarto/bin/../lib/gcc/arm-none-eabi/4.6.2/thumb/v6m\libgcc.a(_udivsi3.o)

Cross Reference Table

Symbol                                            File
BusFaultVector                                    build/obj/vectors.o
DebugMonitorVector                                build/obj/vectors.o
HardFaultVector                                   build/obj/vectors.o
MemManageVector                                   build/obj/vectors.o
NMIVector                                         build/obj/chcore_v6m.o
                                                  build/obj/vectors.o